<?xml version="1.0" encoding="ISO-8859-1" ?>
<link_info>
   <banner>TI ARM Clang Linker PC v3.2.2.LTS</banner>
   <copyright>Copyright (c) 1996-2018 Texas Instruments Incorporated</copyright>
   <link_time>0x6813d04b</link_time>
   <link_errors>0x0</link_errors>
   <output_file>C:\Users\ezane\OneDrive\Documents\QUAD\power_efficiency_test\MCU+Image\power_efficiency_test.out</output_file>
   <entry_point>
      <name>resetISR</name>
      <address>0x1006641</address>
   </entry_point>
   <input_file_list>
      <input_file id="fl-1">
         <path>C:\Users\ezane\OneDrive\Documents\QUAD\power_efficiency_test\MCU+Image\.\</path>
         <kind>object</kind>
         <file>bq25890.o</file>
         <name>bq25890.o</name>
      </input_file>
      <input_file id="fl-2">
         <path>C:\Users\ezane\OneDrive\Documents\QUAD\power_efficiency_test\MCU+Image\.\</path>
         <kind>object</kind>
         <file>i2ctmp.o</file>
         <name>i2ctmp.o</name>
      </input_file>
      <input_file id="fl-3">
         <path>C:\Users\ezane\OneDrive\Documents\QUAD\power_efficiency_test\MCU+Image\.\syscfg\</path>
         <kind>object</kind>
         <file>ti_drivers_config.o</file>
         <name>ti_drivers_config.o</name>
      </input_file>
      <input_file id="fl-4">
         <path>C:\Users\ezane\OneDrive\Documents\QUAD\power_efficiency_test\MCU+Image\.\</path>
         <kind>object</kind>
         <file>main_nortos.o</file>
         <name>main_nortos.o</name>
      </input_file>
      <input_file id="fl-14">
         <path>C:\Users\ezane\OneDrive\Documents\QUAD\power_efficiency_test\MCU+Image\</path>
         <kind>object</kind>
         <file>&lt;internal&gt;</file>
         <name>&lt;internal&gt;</name>
      </input_file>
      <input_file id="fl-15">
         <path>C:\ti\simplelink_cc32xx_sdk_7_10_00_13\source\ti\drivers\lib\ticlang\m4\</path>
         <kind>archive</kind>
         <file>drivers_cc32xx.a</file>
         <name>GPIOCC32XX.c.obj</name>
      </input_file>
      <input_file id="fl-16">
         <path>C:\ti\simplelink_cc32xx_sdk_7_10_00_13\source\ti\drivers\lib\ticlang\m4\</path>
         <kind>archive</kind>
         <file>drivers_cc32xx.a</file>
         <name>I2C.c.obj</name>
      </input_file>
      <input_file id="fl-17">
         <path>C:\ti\simplelink_cc32xx_sdk_7_10_00_13\source\ti\drivers\lib\ticlang\m4\</path>
         <kind>archive</kind>
         <file>drivers_cc32xx.a</file>
         <name>I2CCC32XX.c.obj</name>
      </input_file>
      <input_file id="fl-18">
         <path>C:\ti\simplelink_cc32xx_sdk_7_10_00_13\source\ti\drivers\lib\ticlang\m4\</path>
         <kind>archive</kind>
         <file>drivers_cc32xx.a</file>
         <name>PowerCC32XX.c.obj</name>
      </input_file>
      <input_file id="fl-19">
         <path>C:\ti\simplelink_cc32xx_sdk_7_10_00_13\source\ti\drivers\lib\ticlang\m4\</path>
         <kind>archive</kind>
         <file>drivers_cc32xx.a</file>
         <name>PowerCC32XX_ticlang.asm.obj</name>
      </input_file>
      <input_file id="fl-1a">
         <path>C:\ti\simplelink_cc32xx_sdk_7_10_00_13\source\ti\drivers\lib\ticlang\m4\</path>
         <kind>archive</kind>
         <file>drivers_cc32xx.a</file>
         <name>Timer.c.obj</name>
      </input_file>
      <input_file id="fl-1b">
         <path>C:\ti\simplelink_cc32xx_sdk_7_10_00_13\source\ti\drivers\lib\ticlang\m4\</path>
         <kind>archive</kind>
         <file>drivers_cc32xx.a</file>
         <name>TimerCC32XX.c.obj</name>
      </input_file>
      <input_file id="fl-1c">
         <path>C:\ti\simplelink_cc32xx_sdk_7_10_00_13\source\ti\drivers\lib\ticlang\m4\</path>
         <kind>archive</kind>
         <file>drivers_cc32xx.a</file>
         <name>UART2.c.obj</name>
      </input_file>
      <input_file id="fl-1d">
         <path>C:\ti\simplelink_cc32xx_sdk_7_10_00_13\source\ti\drivers\lib\ticlang\m4\</path>
         <kind>archive</kind>
         <file>drivers_cc32xx.a</file>
         <name>UART2CC32XX.c.obj</name>
      </input_file>
      <input_file id="fl-1e">
         <path>C:\ti\simplelink_cc32xx_sdk_7_10_00_13\source\ti\drivers\lib\ticlang\m4\</path>
         <kind>archive</kind>
         <file>drivers_cc32xx.a</file>
         <name>List.c.obj</name>
      </input_file>
      <input_file id="fl-1f">
         <path>C:\ti\simplelink_cc32xx_sdk_7_10_00_13\source\ti\drivers\lib\ticlang\m4\</path>
         <kind>archive</kind>
         <file>drivers_cc32xx.a</file>
         <name>RingBuf.c.obj</name>
      </input_file>
      <input_file id="fl-20">
         <path>C:\ti\simplelink_cc32xx_sdk_7_10_00_13\source\ti\drivers\lib\ticlang\m4\</path>
         <kind>archive</kind>
         <file>drivers_cc32xx.a</file>
         <name>UDMACC32XX.c.obj</name>
      </input_file>
      <input_file id="fl-21">
         <path>C:\ti\simplelink_cc32xx_sdk_7_10_00_13\kernel\nortos\lib\ticlang\m4\</path>
         <kind>archive</kind>
         <file>nortos_cc32xx.a</file>
         <name>NoRTOS.c.obj</name>
      </input_file>
      <input_file id="fl-22">
         <path>C:\ti\simplelink_cc32xx_sdk_7_10_00_13\kernel\nortos\lib\ticlang\m4\</path>
         <kind>archive</kind>
         <file>nortos_cc32xx.a</file>
         <name>SemaphoreP_nortos.c.obj</name>
      </input_file>
      <input_file id="fl-23">
         <path>C:\ti\simplelink_cc32xx_sdk_7_10_00_13\kernel\nortos\lib\ticlang\m4\</path>
         <kind>archive</kind>
         <file>nortos_cc32xx.a</file>
         <name>ClockPSysTick_nortos.c.obj</name>
      </input_file>
      <input_file id="fl-24">
         <path>C:\ti\simplelink_cc32xx_sdk_7_10_00_13\kernel\nortos\lib\ticlang\m4\</path>
         <kind>archive</kind>
         <file>nortos_cc32xx.a</file>
         <name>HwiPCC32XX_nortos.c.obj</name>
      </input_file>
      <input_file id="fl-25">
         <path>C:\ti\simplelink_cc32xx_sdk_7_10_00_13\kernel\nortos\lib\ticlang\m4\</path>
         <kind>archive</kind>
         <file>nortos_cc32xx.a</file>
         <name>PowerCC32XX_nortos.c.obj</name>
      </input_file>
      <input_file id="fl-26">
         <path>C:\ti\simplelink_cc32xx_sdk_7_10_00_13\kernel\nortos\lib\ticlang\m4\</path>
         <kind>archive</kind>
         <file>nortos_cc32xx.a</file>
         <name>startup_cc32xx_ticlang.c.obj</name>
      </input_file>
      <input_file id="fl-27">
         <path>C:\ti\simplelink_cc32xx_sdk_7_10_00_13\kernel\nortos\lib\ticlang\m4\</path>
         <kind>archive</kind>
         <file>nortos_cc32xx.a</file>
         <name>SwiP_nortos.c.obj</name>
      </input_file>
      <input_file id="fl-28">
         <path>C:\ti\simplelink_cc32xx_sdk_7_10_00_13\source\ti\devices\cc32xx\driverlib\ticlang\Release\</path>
         <kind>archive</kind>
         <file>driverlib.a</file>
         <name>cpu.obj</name>
      </input_file>
      <input_file id="fl-29">
         <path>C:\ti\simplelink_cc32xx_sdk_7_10_00_13\source\ti\devices\cc32xx\driverlib\ticlang\Release\</path>
         <kind>archive</kind>
         <file>driverlib.a</file>
         <name>gpio.obj</name>
      </input_file>
      <input_file id="fl-2a">
         <path>C:\ti\simplelink_cc32xx_sdk_7_10_00_13\source\ti\devices\cc32xx\driverlib\ticlang\Release\</path>
         <kind>archive</kind>
         <file>driverlib.a</file>
         <name>hwspinlock.obj</name>
      </input_file>
      <input_file id="fl-2b">
         <path>C:\ti\simplelink_cc32xx_sdk_7_10_00_13\source\ti\devices\cc32xx\driverlib\ticlang\Release\</path>
         <kind>archive</kind>
         <file>driverlib.a</file>
         <name>i2c.obj</name>
      </input_file>
      <input_file id="fl-2c">
         <path>C:\ti\simplelink_cc32xx_sdk_7_10_00_13\source\ti\devices\cc32xx\driverlib\ticlang\Release\</path>
         <kind>archive</kind>
         <file>driverlib.a</file>
         <name>interrupt.obj</name>
      </input_file>
      <input_file id="fl-2d">
         <path>C:\ti\simplelink_cc32xx_sdk_7_10_00_13\source\ti\devices\cc32xx\driverlib\ticlang\Release\</path>
         <kind>archive</kind>
         <file>driverlib.a</file>
         <name>pin.obj</name>
      </input_file>
      <input_file id="fl-2e">
         <path>C:\ti\simplelink_cc32xx_sdk_7_10_00_13\source\ti\devices\cc32xx\driverlib\ticlang\Release\</path>
         <kind>archive</kind>
         <file>driverlib.a</file>
         <name>prcm.obj</name>
      </input_file>
      <input_file id="fl-2f">
         <path>C:\ti\simplelink_cc32xx_sdk_7_10_00_13\source\ti\devices\cc32xx\driverlib\ticlang\Release\</path>
         <kind>archive</kind>
         <file>driverlib.a</file>
         <name>spi.obj</name>
      </input_file>
      <input_file id="fl-30">
         <path>C:\ti\simplelink_cc32xx_sdk_7_10_00_13\source\ti\devices\cc32xx\driverlib\ticlang\Release\</path>
         <kind>archive</kind>
         <file>driverlib.a</file>
         <name>systick.obj</name>
      </input_file>
      <input_file id="fl-31">
         <path>C:\ti\simplelink_cc32xx_sdk_7_10_00_13\source\ti\devices\cc32xx\driverlib\ticlang\Release\</path>
         <kind>archive</kind>
         <file>driverlib.a</file>
         <name>timer.obj</name>
      </input_file>
      <input_file id="fl-32">
         <path>C:\ti\simplelink_cc32xx_sdk_7_10_00_13\source\ti\devices\cc32xx\driverlib\ticlang\Release\</path>
         <kind>archive</kind>
         <file>driverlib.a</file>
         <name>uart.obj</name>
      </input_file>
      <input_file id="fl-33">
         <path>C:\ti\simplelink_cc32xx_sdk_7_10_00_13\source\ti\devices\cc32xx\driverlib\ticlang\Release\</path>
         <kind>archive</kind>
         <file>driverlib.a</file>
         <name>udma.obj</name>
      </input_file>
      <input_file id="fl-34">
         <path>C:\ti\simplelink_cc32xx_sdk_7_10_00_13\source\ti\devices\cc32xx\driverlib\ticlang\Release\</path>
         <kind>archive</kind>
         <file>driverlib.a</file>
         <name>utils.obj</name>
      </input_file>
      <input_file id="fl-35">
         <path>C:\ti\simplelink_cc32xx_sdk_7_10_00_13\source\ti\devices\cc32xx\driverlib\ticlang\Release\</path>
         <kind>archive</kind>
         <file>driverlib.a</file>
         <name>flash.obj</name>
      </input_file>
      <input_file id="fl-44">
         <path>C:\ti\ccs1280\ccs\tools\compiler\ti-cgt-armllvm_3.2.2.LTS\lib\armv7em-ti-none-eabi\c\</path>
         <kind>archive</kind>
         <file>libc.a</file>
         <name>sprintf.c.obj</name>
      </input_file>
      <input_file id="fl-45">
         <path>C:\ti\ccs1280\ccs\tools\compiler\ti-cgt-armllvm_3.2.2.LTS\lib\armv7em-ti-none-eabi\c\</path>
         <kind>archive</kind>
         <file>libc.a</file>
         <name>memory.c.obj</name>
      </input_file>
      <input_file id="fl-46">
         <path>C:\ti\ccs1280\ccs\tools\compiler\ti-cgt-armllvm_3.2.2.LTS\lib\armv7em-ti-none-eabi\c\</path>
         <kind>archive</kind>
         <file>libc.a</file>
         <name>boot_cortex_m.c.obj</name>
      </input_file>
      <input_file id="fl-47">
         <path>C:\ti\ccs1280\ccs\tools\compiler\ti-cgt-armllvm_3.2.2.LTS\lib\armv7em-ti-none-eabi\c\</path>
         <kind>archive</kind>
         <file>libc.a</file>
         <name>mathacl_init.c.obj</name>
      </input_file>
      <input_file id="fl-48">
         <path>C:\ti\ccs1280\ccs\tools\compiler\ti-cgt-armllvm_3.2.2.LTS\lib\armv7em-ti-none-eabi\c\</path>
         <kind>archive</kind>
         <file>libc.a</file>
         <name>autoinit.c.obj</name>
      </input_file>
      <input_file id="fl-49">
         <path>C:\ti\ccs1280\ccs\tools\compiler\ti-cgt-armllvm_3.2.2.LTS\lib\armv7em-ti-none-eabi\c\</path>
         <kind>archive</kind>
         <file>libc.a</file>
         <name>pre_init.c.obj</name>
      </input_file>
      <input_file id="fl-4a">
         <path>C:\ti\ccs1280\ccs\tools\compiler\ti-cgt-armllvm_3.2.2.LTS\lib\armv7em-ti-none-eabi\c\</path>
         <kind>archive</kind>
         <file>libc.a</file>
         <name>cpy_tbl.c.obj</name>
      </input_file>
      <input_file id="fl-4b">
         <path>C:\ti\ccs1280\ccs\tools\compiler\ti-cgt-armllvm_3.2.2.LTS\lib\armv7em-ti-none-eabi\c\</path>
         <kind>archive</kind>
         <file>libc.a</file>
         <name>copy_zero_init.c.obj</name>
      </input_file>
      <input_file id="fl-4c">
         <path>C:\ti\ccs1280\ccs\tools\compiler\ti-cgt-armllvm_3.2.2.LTS\lib\armv7em-ti-none-eabi\c\</path>
         <kind>archive</kind>
         <file>libc.a</file>
         <name>copy_decompress_none.c.obj</name>
      </input_file>
      <input_file id="fl-4d">
         <path>C:\ti\ccs1280\ccs\tools\compiler\ti-cgt-armllvm_3.2.2.LTS\lib\armv7em-ti-none-eabi\c\</path>
         <kind>archive</kind>
         <file>libc.a</file>
         <name>copy_decompress_lzss.c.obj</name>
      </input_file>
      <input_file id="fl-4e">
         <path>C:\ti\ccs1280\ccs\tools\compiler\ti-cgt-armllvm_3.2.2.LTS\lib\armv7em-ti-none-eabi\c\</path>
         <kind>archive</kind>
         <file>libc.a</file>
         <name>_printfi.c.obj</name>
      </input_file>
      <input_file id="fl-4f">
         <path>C:\ti\ccs1280\ccs\tools\compiler\ti-cgt-armllvm_3.2.2.LTS\lib\armv7em-ti-none-eabi\c\</path>
         <kind>archive</kind>
         <file>libc.a</file>
         <name>s_frexp.c.obj</name>
      </input_file>
      <input_file id="fl-50">
         <path>C:\ti\ccs1280\ccs\tools\compiler\ti-cgt-armllvm_3.2.2.LTS\lib\armv7em-ti-none-eabi\c\</path>
         <kind>archive</kind>
         <file>libc.a</file>
         <name>s_scalbn.c.obj</name>
      </input_file>
      <input_file id="fl-51">
         <path>C:\ti\ccs1280\ccs\tools\compiler\ti-cgt-armllvm_3.2.2.LTS\lib\armv7em-ti-none-eabi\c\</path>
         <kind>archive</kind>
         <file>libc.a</file>
         <name>aeabi_portable.c.obj</name>
      </input_file>
      <input_file id="fl-52">
         <path>C:\ti\ccs1280\ccs\tools\compiler\ti-cgt-armllvm_3.2.2.LTS\lib\armv7em-ti-none-eabi\c\</path>
         <kind>archive</kind>
         <file>libc.a</file>
         <name>exit.c.obj</name>
      </input_file>
      <input_file id="fl-53">
         <path>C:\ti\ccs1280\ccs\tools\compiler\ti-cgt-armllvm_3.2.2.LTS\lib\armv7em-ti-none-eabi\c\</path>
         <kind>archive</kind>
         <file>libc.a</file>
         <name>_lock.c.obj</name>
      </input_file>
      <input_file id="fl-54">
         <path>C:\ti\ccs1280\ccs\tools\compiler\ti-cgt-armllvm_3.2.2.LTS\lib\armv7em-ti-none-eabi\c\</path>
         <kind>archive</kind>
         <file>libc.a</file>
         <name>_ltoa.c.obj</name>
      </input_file>
      <input_file id="fl-55">
         <path>C:\ti\ccs1280\ccs\tools\compiler\ti-cgt-armllvm_3.2.2.LTS\lib\armv7em-ti-none-eabi\c\</path>
         <kind>archive</kind>
         <file>libc.a</file>
         <name>args_main.c.obj</name>
      </input_file>
      <input_file id="fl-56">
         <path>C:\ti\ccs1280\ccs\tools\compiler\ti-cgt-armllvm_3.2.2.LTS\lib\armv7em-ti-none-eabi\c\</path>
         <kind>archive</kind>
         <file>libc.a</file>
         <name>assert.c.obj</name>
      </input_file>
      <input_file id="fl-57">
         <path>C:\ti\ccs1280\ccs\tools\compiler\ti-cgt-armllvm_3.2.2.LTS\lib\armv7em-ti-none-eabi\c\</path>
         <kind>archive</kind>
         <file>libc.a</file>
         <name>atoi.c.obj</name>
      </input_file>
      <input_file id="fl-58">
         <path>C:\ti\ccs1280\ccs\tools\compiler\ti-cgt-armllvm_3.2.2.LTS\lib\armv7em-ti-none-eabi\c\</path>
         <kind>archive</kind>
         <file>libc.a</file>
         <name>defs.c.obj</name>
      </input_file>
      <input_file id="fl-59">
         <path>C:\ti\ccs1280\ccs\tools\compiler\ti-cgt-armllvm_3.2.2.LTS\lib\armv7em-ti-none-eabi\c\</path>
         <kind>archive</kind>
         <file>libc.a</file>
         <name>memccpy.c.obj</name>
      </input_file>
      <input_file id="fl-5a">
         <path>C:\ti\ccs1280\ccs\tools\compiler\ti-cgt-armllvm_3.2.2.LTS\lib\armv7em-ti-none-eabi\c\</path>
         <kind>archive</kind>
         <file>libc.a</file>
         <name>wcslen.c.obj</name>
      </input_file>
      <input_file id="fl-5b">
         <path>C:\ti\ccs1280\ccs\tools\compiler\ti-cgt-armllvm_3.2.2.LTS\lib\armv7em-ti-none-eabi\c\</path>
         <kind>archive</kind>
         <file>libc.a</file>
         <name>fflush.c.obj</name>
      </input_file>
      <input_file id="fl-5c">
         <path>C:\ti\ccs1280\ccs\tools\compiler\ti-cgt-armllvm_3.2.2.LTS\lib\armv7em-ti-none-eabi\c\</path>
         <kind>archive</kind>
         <file>libc.a</file>
         <name>fputs.c.obj</name>
      </input_file>
      <input_file id="fl-5d">
         <path>C:\ti\ccs1280\ccs\tools\compiler\ti-cgt-armllvm_3.2.2.LTS\lib\armv7em-ti-none-eabi\c\</path>
         <kind>archive</kind>
         <file>libc.a</file>
         <name>_io_perm.c.obj</name>
      </input_file>
      <input_file id="fl-5e">
         <path>C:\ti\ccs1280\ccs\tools\compiler\ti-cgt-armllvm_3.2.2.LTS\lib\armv7em-ti-none-eabi\c\</path>
         <kind>archive</kind>
         <file>libc.a</file>
         <name>setvbuf.c.obj</name>
      </input_file>
      <input_file id="fl-5f">
         <path>C:\ti\ccs1280\ccs\tools\compiler\ti-cgt-armllvm_3.2.2.LTS\lib\armv7em-ti-none-eabi\c\</path>
         <kind>archive</kind>
         <file>libc.a</file>
         <name>aeabi_ctype.S.obj</name>
      </input_file>
      <input_file id="fl-60">
         <path>C:\ti\ccs1280\ccs\tools\compiler\ti-cgt-armllvm_3.2.2.LTS\lib\armv7em-ti-none-eabi\c\</path>
         <kind>archive</kind>
         <file>libc.a</file>
         <name>fopen.c.obj</name>
      </input_file>
      <input_file id="fl-61">
         <path>C:\ti\ccs1280\ccs\tools\compiler\ti-cgt-armllvm_3.2.2.LTS\lib\armv7em-ti-none-eabi\c\</path>
         <kind>archive</kind>
         <file>libc.a</file>
         <name>fseek.c.obj</name>
      </input_file>
      <input_file id="fl-62">
         <path>C:\ti\ccs1280\ccs\tools\compiler\ti-cgt-armllvm_3.2.2.LTS\lib\armv7em-ti-none-eabi\c\</path>
         <kind>archive</kind>
         <file>libc.a</file>
         <name>fclose.c.obj</name>
      </input_file>
      <input_file id="fl-c8">
         <path>C:\ti\ccs1280\ccs\tools\compiler\ti-cgt-armllvm_3.2.2.LTS\lib\armv7em-ti-none-eabi\c\</path>
         <kind>archive</kind>
         <file>libsysbm.a</file>
         <name>write.c.obj</name>
      </input_file>
      <input_file id="fl-c9">
         <path>C:\ti\ccs1280\ccs\tools\compiler\ti-cgt-armllvm_3.2.2.LTS\lib\armv7em-ti-none-eabi\c\</path>
         <kind>archive</kind>
         <file>libsysbm.a</file>
         <name>host_device.c.obj</name>
      </input_file>
      <input_file id="fl-ca">
         <path>C:\ti\ccs1280\ccs\tools\compiler\ti-cgt-armllvm_3.2.2.LTS\lib\armv7em-ti-none-eabi\c\</path>
         <kind>archive</kind>
         <file>libsysbm.a</file>
         <name>remove.c.obj</name>
      </input_file>
      <input_file id="fl-cb">
         <path>C:\ti\ccs1280\ccs\tools\compiler\ti-cgt-armllvm_3.2.2.LTS\lib\armv7em-ti-none-eabi\c\</path>
         <kind>archive</kind>
         <file>libsysbm.a</file>
         <name>open.c.obj</name>
      </input_file>
      <input_file id="fl-cc">
         <path>C:\ti\ccs1280\ccs\tools\compiler\ti-cgt-armllvm_3.2.2.LTS\lib\armv7em-ti-none-eabi\c\</path>
         <kind>archive</kind>
         <file>libsysbm.a</file>
         <name>lseek.c.obj</name>
      </input_file>
      <input_file id="fl-cd">
         <path>C:\ti\ccs1280\ccs\tools\compiler\ti-cgt-armllvm_3.2.2.LTS\lib\armv7em-ti-none-eabi\c\</path>
         <kind>archive</kind>
         <file>libsysbm.a</file>
         <name>close.c.obj</name>
      </input_file>
      <input_file id="fl-ce">
         <path>C:\ti\ccs1280\ccs\tools\compiler\ti-cgt-armllvm_3.2.2.LTS\lib\armv7em-ti-none-eabi\c\</path>
         <kind>archive</kind>
         <file>libsysbm.a</file>
         <name>unlink.c.obj</name>
      </input_file>
      <input_file id="fl-cf">
         <path>C:\ti\ccs1280\ccs\tools\compiler\ti-cgt-armllvm_3.2.2.LTS\lib\armv7em-ti-none-eabi\c\</path>
         <kind>archive</kind>
         <file>libsysbm.a</file>
         <name>hostclose.c.obj</name>
      </input_file>
      <input_file id="fl-d0">
         <path>C:\ti\ccs1280\ccs\tools\compiler\ti-cgt-armllvm_3.2.2.LTS\lib\armv7em-ti-none-eabi\c\</path>
         <kind>archive</kind>
         <file>libsysbm.a</file>
         <name>hostlseek.c.obj</name>
      </input_file>
      <input_file id="fl-d1">
         <path>C:\ti\ccs1280\ccs\tools\compiler\ti-cgt-armllvm_3.2.2.LTS\lib\armv7em-ti-none-eabi\c\</path>
         <kind>archive</kind>
         <file>libsysbm.a</file>
         <name>hostopen.c.obj</name>
      </input_file>
      <input_file id="fl-d2">
         <path>C:\ti\ccs1280\ccs\tools\compiler\ti-cgt-armllvm_3.2.2.LTS\lib\armv7em-ti-none-eabi\c\</path>
         <kind>archive</kind>
         <file>libsysbm.a</file>
         <name>hostread.c.obj</name>
      </input_file>
      <input_file id="fl-d3">
         <path>C:\ti\ccs1280\ccs\tools\compiler\ti-cgt-armllvm_3.2.2.LTS\lib\armv7em-ti-none-eabi\c\</path>
         <kind>archive</kind>
         <file>libsysbm.a</file>
         <name>hostrename.c.obj</name>
      </input_file>
      <input_file id="fl-d4">
         <path>C:\ti\ccs1280\ccs\tools\compiler\ti-cgt-armllvm_3.2.2.LTS\lib\armv7em-ti-none-eabi\c\</path>
         <kind>archive</kind>
         <file>libsysbm.a</file>
         <name>hostunlink.c.obj</name>
      </input_file>
      <input_file id="fl-d5">
         <path>C:\ti\ccs1280\ccs\tools\compiler\ti-cgt-armllvm_3.2.2.LTS\lib\armv7em-ti-none-eabi\c\</path>
         <kind>archive</kind>
         <file>libsysbm.a</file>
         <name>hostwrite.c.obj</name>
      </input_file>
      <input_file id="fl-d6">
         <path>C:\ti\ccs1280\ccs\tools\compiler\ti-cgt-armllvm_3.2.2.LTS\lib\armv7em-ti-none-eabi\c\</path>
         <kind>archive</kind>
         <file>libsysbm.a</file>
         <name>trgmsg.c.obj</name>
      </input_file>
      <input_file id="fl-d7">
         <path>C:\ti\ccs1280\ccs\tools\compiler\ti-cgt-armllvm_3.2.2.LTS\lib\clang\15.0.7\lib\armv7em-ti-none-eabi\</path>
         <kind>archive</kind>
         <file>libclang_rt.builtins.a</file>
         <name>adddf3.S.obj</name>
      </input_file>
      <input_file id="fl-d8">
         <path>C:\ti\ccs1280\ccs\tools\compiler\ti-cgt-armllvm_3.2.2.LTS\lib\clang\15.0.7\lib\armv7em-ti-none-eabi\</path>
         <kind>archive</kind>
         <file>libclang_rt.builtins.a</file>
         <name>muldf3.S.obj</name>
      </input_file>
      <input_file id="fl-d9">
         <path>C:\ti\ccs1280\ccs\tools\compiler\ti-cgt-armllvm_3.2.2.LTS\lib\clang\15.0.7\lib\armv7em-ti-none-eabi\</path>
         <kind>archive</kind>
         <file>libclang_rt.builtins.a</file>
         <name>divsf3.S.obj</name>
      </input_file>
      <input_file id="fl-da">
         <path>C:\ti\ccs1280\ccs\tools\compiler\ti-cgt-armllvm_3.2.2.LTS\lib\clang\15.0.7\lib\armv7em-ti-none-eabi\</path>
         <kind>archive</kind>
         <file>libclang_rt.builtins.a</file>
         <name>divdf3.S.obj</name>
      </input_file>
      <input_file id="fl-db">
         <path>C:\ti\ccs1280\ccs\tools\compiler\ti-cgt-armllvm_3.2.2.LTS\lib\clang\15.0.7\lib\armv7em-ti-none-eabi\</path>
         <kind>archive</kind>
         <file>libclang_rt.builtins.a</file>
         <name>extendsfdf2.S.obj</name>
      </input_file>
      <input_file id="fl-dc">
         <path>C:\ti\ccs1280\ccs\tools\compiler\ti-cgt-armllvm_3.2.2.LTS\lib\clang\15.0.7\lib\armv7em-ti-none-eabi\</path>
         <kind>archive</kind>
         <file>libclang_rt.builtins.a</file>
         <name>fixdfsi.S.obj</name>
      </input_file>
      <input_file id="fl-dd">
         <path>C:\ti\ccs1280\ccs\tools\compiler\ti-cgt-armllvm_3.2.2.LTS\lib\clang\15.0.7\lib\armv7em-ti-none-eabi\</path>
         <kind>archive</kind>
         <file>libclang_rt.builtins.a</file>
         <name>floatsidf.S.obj</name>
      </input_file>
      <input_file id="fl-de">
         <path>C:\ti\ccs1280\ccs\tools\compiler\ti-cgt-armllvm_3.2.2.LTS\lib\clang\15.0.7\lib\armv7em-ti-none-eabi\</path>
         <kind>archive</kind>
         <file>libclang_rt.builtins.a</file>
         <name>floatunsisf.S.obj</name>
      </input_file>
      <input_file id="fl-df">
         <path>C:\ti\ccs1280\ccs\tools\compiler\ti-cgt-armllvm_3.2.2.LTS\lib\clang\15.0.7\lib\armv7em-ti-none-eabi\</path>
         <kind>archive</kind>
         <file>libclang_rt.builtins.a</file>
         <name>aeabi_dcmp.S.obj</name>
      </input_file>
      <input_file id="fl-e0">
         <path>C:\ti\ccs1280\ccs\tools\compiler\ti-cgt-armllvm_3.2.2.LTS\lib\clang\15.0.7\lib\armv7em-ti-none-eabi\</path>
         <kind>archive</kind>
         <file>libclang_rt.builtins.a</file>
         <name>aeabi_memcpy.S.obj</name>
      </input_file>
      <input_file id="fl-e1">
         <path>C:\ti\ccs1280\ccs\tools\compiler\ti-cgt-armllvm_3.2.2.LTS\lib\clang\15.0.7\lib\armv7em-ti-none-eabi\</path>
         <kind>archive</kind>
         <file>libclang_rt.builtins.a</file>
         <name>aeabi_memset.S.obj</name>
      </input_file>
      <input_file id="fl-e2">
         <path>C:\ti\ccs1280\ccs\tools\compiler\ti-cgt-armllvm_3.2.2.LTS\lib\clang\15.0.7\lib\armv7em-ti-none-eabi\</path>
         <kind>archive</kind>
         <file>libclang_rt.builtins.a</file>
         <name>aeabi_uldivmod.S.obj</name>
      </input_file>
      <input_file id="fl-e3">
         <path>C:\ti\ccs1280\ccs\tools\compiler\ti-cgt-armllvm_3.2.2.LTS\lib\clang\15.0.7\lib\armv7em-ti-none-eabi\</path>
         <kind>archive</kind>
         <file>libclang_rt.builtins.a</file>
         <name>udivmoddi4.S.obj</name>
      </input_file>
      <input_file id="fl-e4">
         <path>C:\ti\ccs1280\ccs\tools\compiler\ti-cgt-armllvm_3.2.2.LTS\lib\clang\15.0.7\lib\armv7em-ti-none-eabi\</path>
         <kind>archive</kind>
         <file>libclang_rt.builtins.a</file>
         <name>comparedf2.c.obj</name>
      </input_file>
      <input_file id="fl-e5">
         <path>C:\ti\ccs1280\ccs\tools\compiler\ti-cgt-armllvm_3.2.2.LTS\lib\clang\15.0.7\lib\armv7em-ti-none-eabi\</path>
         <kind>archive</kind>
         <file>libclang_rt.builtins.a</file>
         <name>aeabi_div0.c.obj</name>
      </input_file>
      <input_file id="fl-e6">
         <path>C:\ti\ccs1280\ccs\tools\compiler\ti-cgt-armllvm_3.2.2.LTS\lib\armv7em-ti-none-eabi\c\</path>
         <kind>archive</kind>
         <file>libc.a</file>
         <name>getdevice.c.obj</name>
      </input_file>
      <input_file id="fl-e7">
         <path>C:\ti\ccs1280\ccs\tools\compiler\ti-cgt-armllvm_3.2.2.LTS\lib\armv7em-ti-none-eabi\c\</path>
         <kind>archive</kind>
         <file>libc.a</file>
         <name>strcmp_t2.S.obj</name>
      </input_file>
      <input_file id="fl-e8">
         <path>C:\ti\ccs1280\ccs\tools\compiler\ti-cgt-armllvm_3.2.2.LTS\lib\armv7em-ti-none-eabi\c\</path>
         <kind>archive</kind>
         <file>libc.a</file>
         <name>memcpy_t2.S.obj</name>
      </input_file>
      <input_file id="fl-e9">
         <path>C:\ti\ccs1280\ccs\tools\compiler\ti-cgt-armllvm_3.2.2.LTS\lib\armv7em-ti-none-eabi\c\</path>
         <kind>archive</kind>
         <file>libc.a</file>
         <name>memset_t2.S.obj</name>
      </input_file>
   </input_file_list>
   <object_component_list>
      <object_component id="oc-24e">
         <name>.text:__TI_printfi</name>
         <load_address>0x1000840</load_address>
         <readonly>true</readonly>
         <executable>true</executable>
         <run_address>0x1000840</run_address>
         <size>0x9d8</size>
         <alignment>0x4</alignment>
         <input_file_ref idref="fl-4e"/>
      </object_component>
      <object_component id="oc-34b">
         <name>.text.PRCMCC3200MCUInit</name>
         <load_address>0x1001218</load_address>
         <readonly>true</readonly>
         <executable>true</executable>
         <run_address>0x1001218</run_address>
         <size>0x4b8</size>
         <alignment>0x2</alignment>
         <input_file_ref idref="fl-2e"/>
      </object_component>
      <object_component id="oc-2e3">
         <name>.text.Power_sleep</name>
         <load_address>0x10016d0</load_address>
         <readonly>true</readonly>
         <executable>true</executable>
         <run_address>0x10016d0</run_address>
         <size>0x3e4</size>
         <alignment>0x4</alignment>
         <input_file_ref idref="fl-18"/>
      </object_component>
      <object_component id="oc-2bb">
         <name>.text._pconv_a</name>
         <load_address>0x1001ab4</load_address>
         <readonly>true</readonly>
         <executable>true</executable>
         <run_address>0x1001ab4</run_address>
         <size>0x228</size>
         <alignment>0x4</alignment>
         <input_file_ref idref="fl-4e"/>
      </object_component>
      <object_component id="oc-16f">
         <name>.text.UART2CC32XX_hwiIntFxn</name>
         <load_address>0x1001cdc</load_address>
         <readonly>true</readonly>
         <executable>true</executable>
         <run_address>0x1001cdc</run_address>
         <size>0x222</size>
         <alignment>0x2</alignment>
         <input_file_ref idref="fl-1d"/>
      </object_component>
      <object_component id="oc-d9">
         <name>.text.I2C_init</name>
         <load_address>0x1001efe</load_address>
         <readonly>true</readonly>
         <executable>true</executable>
         <run_address>0x1001efe</run_address>
         <size>0x2</size>
         <alignment>0x2</alignment>
         <input_file_ref idref="fl-16"/>
      </object_component>
      <object_component id="oc-2be">
         <name>.text._pconv_g</name>
         <load_address>0x1001f00</load_address>
         <readonly>true</readonly>
         <executable>true</executable>
         <run_address>0x1001f00</run_address>
         <size>0x1e8</size>
         <alignment>0x4</alignment>
         <input_file_ref idref="fl-4e"/>
      </object_component>
      <object_component id="oc-ea">
         <name>.text.UART2_open</name>
         <load_address>0x10020e8</load_address>
         <readonly>true</readonly>
         <executable>true</executable>
         <run_address>0x10020e8</run_address>
         <size>0x1cc</size>
         <alignment>0x4</alignment>
         <input_file_ref idref="fl-1d"/>
      </object_component>
      <object_component id="oc-320">
         <name>.text.adddf3_subdf3</name>
         <load_address>0x10022b4</load_address>
         <readonly>true</readonly>
         <executable>true</executable>
         <run_address>0x10022b4</run_address>
         <size>0x1b6</size>
         <alignment>0x4</alignment>
         <input_file_ref idref="fl-d7"/>
      </object_component>
      <object_component id="oc-250">
         <name>.text.UART2_writeTimeoutBlocking</name>
         <load_address>0x100246a</load_address>
         <readonly>true</readonly>
         <executable>true</executable>
         <run_address>0x100246a</run_address>
         <size>0x174</size>
         <alignment>0x2</alignment>
         <input_file_ref idref="fl-1c"/>
      </object_component>
      <object_component id="oc-273">
         <name>.text.PowerCC32XX_initPolicy</name>
         <load_address>0x10025de</load_address>
         <readonly>true</readonly>
         <executable>true</executable>
         <run_address>0x10025de</run_address>
         <size>0x2</size>
         <alignment>0x2</alignment>
         <input_file_ref idref="fl-25"/>
      </object_component>
      <object_component id="oc-278">
         <name>.text.PowerCC32XX_sleepPolicy</name>
         <load_address>0x10025e0</load_address>
         <readonly>true</readonly>
         <executable>true</executable>
         <run_address>0x10025e0</run_address>
         <size>0x150</size>
         <alignment>0x4</alignment>
         <input_file_ref idref="fl-25"/>
      </object_component>
      <object_component id="oc-f2">
         <name>.text.Timer_open</name>
         <load_address>0x1002730</load_address>
         <readonly>true</readonly>
         <executable>true</executable>
         <run_address>0x1002730</run_address>
         <size>0x148</size>
         <alignment>0x4</alignment>
         <input_file_ref idref="fl-1b"/>
      </object_component>
      <object_component id="oc-332">
         <name>.text.fcvt</name>
         <load_address>0x1002878</load_address>
         <readonly>true</readonly>
         <executable>true</executable>
         <run_address>0x1002878</run_address>
         <size>0x13c</size>
         <alignment>0x4</alignment>
         <input_file_ref idref="fl-4e"/>
      </object_component>
      <object_component id="oc-151">
         <name>.text.I2CCC32XX_hwiFxn</name>
         <load_address>0x10029b4</load_address>
         <readonly>true</readonly>
         <executable>true</executable>
         <run_address>0x10029b4</run_address>
         <size>0x138</size>
         <alignment>0x2</alignment>
         <input_file_ref idref="fl-17"/>
      </object_component>
      <object_component id="oc-32e">
         <name>.text.__divdf3</name>
         <load_address>0x1002aec</load_address>
         <readonly>true</readonly>
         <executable>true</executable>
         <run_address>0x1002aec</run_address>
         <size>0x136</size>
         <alignment>0x4</alignment>
         <input_file_ref idref="fl-da"/>
      </object_component>
      <object_component id="oc-2c4">
         <name>.text.I2C_transferTimeout</name>
         <load_address>0x1002c22</load_address>
         <readonly>true</readonly>
         <executable>true</executable>
         <run_address>0x1002c22</run_address>
         <size>0x126</size>
         <alignment>0x2</alignment>
         <input_file_ref idref="fl-16"/>
      </object_component>
      <object_component id="oc-296">
         <name>.text.aligned_alloc</name>
         <load_address>0x1002d48</load_address>
         <readonly>true</readonly>
         <executable>true</executable>
         <run_address>0x1002d48</run_address>
         <size>0x120</size>
         <alignment>0x4</alignment>
         <input_file_ref idref="fl-45"/>
      </object_component>
      <object_component id="oc-24f">
         <name>.text.UART2_writeTimeoutNonblocking</name>
         <load_address>0x1002e68</load_address>
         <readonly>true</readonly>
         <executable>true</executable>
         <run_address>0x1002e68</run_address>
         <size>0x11a</size>
         <alignment>0x2</alignment>
         <input_file_ref idref="fl-1c"/>
      </object_component>
      <object_component id="oc-222">
         <name>.text.SemaphoreP_destruct</name>
         <load_address>0x1002f82</load_address>
         <readonly>true</readonly>
         <executable>true</executable>
         <run_address>0x1002f82</run_address>
         <size>0x2</size>
         <alignment>0x2</alignment>
         <input_file_ref idref="fl-22"/>
      </object_component>
      <object_component id="oc-2bc">
         <name>.text._pconv_e</name>
         <load_address>0x1002f84</load_address>
         <readonly>true</readonly>
         <executable>true</executable>
         <run_address>0x1002f84</run_address>
         <size>0x118</size>
         <alignment>0x4</alignment>
         <input_file_ref idref="fl-4e"/>
      </object_component>
      <object_component id="oc-291">
         <name>.text.uDMAChannelTransferSet</name>
         <load_address>0x100309c</load_address>
         <readonly>true</readonly>
         <executable>true</executable>
         <run_address>0x100309c</run_address>
         <size>0x112</size>
         <alignment>0x2</alignment>
         <input_file_ref idref="fl-33"/>
      </object_component>
      <object_component id="oc-d4">
         <name>.text.Timer_init</name>
         <load_address>0x10031ae</load_address>
         <readonly>true</readonly>
         <executable>true</executable>
         <run_address>0x10031ae</run_address>
         <size>0x2</size>
         <alignment>0x2</alignment>
         <input_file_ref idref="fl-1a"/>
      </object_component>
      <object_component id="oc-ac">
         <name>.text._Z10mainThreadPv</name>
         <load_address>0x10031b0</load_address>
         <readonly>true</readonly>
         <executable>true</executable>
         <run_address>0x10031b0</run_address>
         <size>0x100</size>
         <alignment>0x4</alignment>
         <input_file_ref idref="fl-2"/>
      </object_component>
      <object_component id="oc-324">
         <name>.text.__muldf3</name>
         <load_address>0x10032b0</load_address>
         <readonly>true</readonly>
         <executable>true</executable>
         <run_address>0x10032b0</run_address>
         <size>0xfc</size>
         <alignment>0x4</alignment>
         <input_file_ref idref="fl-d8"/>
      </object_component>
      <object_component id="oc-238">
         <name>.text.free</name>
         <load_address>0x10033ac</load_address>
         <readonly>true</readonly>
         <executable>true</executable>
         <run_address>0x10033ac</run_address>
         <size>0xf0</size>
         <alignment>0x4</alignment>
         <input_file_ref idref="fl-45"/>
      </object_component>
      <object_component id="oc-df">
         <name>.text.I2C_open</name>
         <load_address>0x100349c</load_address>
         <readonly>true</readonly>
         <executable>true</executable>
         <run_address>0x100349c</run_address>
         <size>0xe8</size>
         <alignment>0x4</alignment>
         <input_file_ref idref="fl-17"/>
      </object_component>
      <object_component id="oc-16a">
         <name>.text.UART2_close</name>
         <load_address>0x1003584</load_address>
         <readonly>true</readonly>
         <executable>true</executable>
         <run_address>0x1003584</run_address>
         <size>0xe8</size>
         <alignment>0x4</alignment>
         <input_file_ref idref="fl-1d"/>
      </object_component>
      <object_component id="oc-230">
         <name>.text.UART2Support_dmaStartRx</name>
         <load_address>0x100366c</load_address>
         <readonly>true</readonly>
         <executable>true</executable>
         <run_address>0x100366c</run_address>
         <size>0xcc</size>
         <alignment>0x4</alignment>
         <input_file_ref idref="fl-1d"/>
      </object_component>
      <object_component id="oc-283">
         <name>.text.IntDisable</name>
         <load_address>0x1003738</load_address>
         <readonly>true</readonly>
         <executable>true</executable>
         <run_address>0x1003738</run_address>
         <size>0xc8</size>
         <alignment>0x2</alignment>
         <input_file_ref idref="fl-2c"/>
      </object_component>
      <object_component id="oc-1dd">
         <name>.text.IntEnable</name>
         <load_address>0x1003800</load_address>
         <readonly>true</readonly>
         <executable>true</executable>
         <run_address>0x1003800</run_address>
         <size>0xc8</size>
         <alignment>0x2</alignment>
         <input_file_ref idref="fl-2c"/>
      </object_component>
      <object_component id="oc-169">
         <name>.text.UART2CC32XX_initHw</name>
         <load_address>0x10038c8</load_address>
         <readonly>true</readonly>
         <executable>true</executable>
         <run_address>0x10038c8</run_address>
         <size>0xc4</size>
         <alignment>0x4</alignment>
         <input_file_ref idref="fl-1d"/>
      </object_component>
      <object_component id="oc-10c">
         <name>.text._ZN7BQ2589017print_vbus_statusEv</name>
         <load_address>0x100398c</load_address>
         <readonly>true</readonly>
         <executable>true</executable>
         <run_address>0x100398c</run_address>
         <size>0xc4</size>
         <alignment>0x4</alignment>
         <input_file_ref idref="fl-1"/>
      </object_component>
      <object_component id="oc-310">
         <name>.text.scalbn</name>
         <load_address>0x1003a50</load_address>
         <readonly>true</readonly>
         <executable>true</executable>
         <run_address>0x1003a50</run_address>
         <size>0xc4</size>
         <alignment>0x4</alignment>
         <input_file_ref idref="fl-50"/>
      </object_component>
      <object_component id="oc-233">
         <name>.text.UART2Support_dmaStartTx</name>
         <load_address>0x1003b14</load_address>
         <readonly>true</readonly>
         <executable>true</executable>
         <run_address>0x1003b14</run_address>
         <size>0xb8</size>
         <alignment>0x4</alignment>
         <input_file_ref idref="fl-1d"/>
      </object_component>
      <object_component id="oc-2ff">
         <name>.text</name>
         <load_address>0x1003bcc</load_address>
         <readonly>true</readonly>
         <executable>true</executable>
         <run_address>0x1003bcc</run_address>
         <size>0xb0</size>
         <alignment>0x4</alignment>
         <input_file_ref idref="fl-e3"/>
      </object_component>
      <object_component id="oc-380">
         <name>.text.IntPendSet</name>
         <load_address>0x1003c7c</load_address>
         <readonly>true</readonly>
         <executable>true</executable>
         <run_address>0x1003c7c</run_address>
         <size>0xa4</size>
         <alignment>0x2</alignment>
         <input_file_ref idref="fl-2c"/>
      </object_component>
      <object_component id="oc-1d2">
         <name>.text.PinConfigSet</name>
         <load_address>0x1003d20</load_address>
         <readonly>true</readonly>
         <executable>true</executable>
         <run_address>0x1003d20</run_address>
         <size>0xa2</size>
         <alignment>0x2</alignment>
         <input_file_ref idref="fl-2d"/>
      </object_component>
      <object_component id="oc-1f9">
         <name>.text.I2CCC32XX_completeTransfer</name>
         <load_address>0x1003dc2</load_address>
         <readonly>true</readonly>
         <executable>true</executable>
         <run_address>0x1003dc2</run_address>
         <size>0x9c</size>
         <alignment>0x2</alignment>
         <input_file_ref idref="fl-17"/>
      </object_component>
      <object_component id="oc-1e6">
         <name>.text.I2CMasterInitExpClk</name>
         <load_address>0x1003e5e</load_address>
         <readonly>true</readonly>
         <executable>true</executable>
         <run_address>0x1003e5e</run_address>
         <size>0x98</size>
         <alignment>0x2</alignment>
         <input_file_ref idref="fl-2b"/>
      </object_component>
      <object_component id="oc-16d">
         <name>.text.UART2CC32XX_eventCallback</name>
         <load_address>0x1003ef6</load_address>
         <readonly>true</readonly>
         <executable>true</executable>
         <run_address>0x1003ef6</run_address>
         <size>0x2</size>
         <alignment>0x2</alignment>
         <input_file_ref idref="fl-1d"/>
      </object_component>
      <object_component id="oc-1ba">
         <name>.text.SemaphoreP_pend</name>
         <load_address>0x1003ef8</load_address>
         <readonly>true</readonly>
         <executable>true</executable>
         <run_address>0x1003ef8</run_address>
         <size>0x98</size>
         <alignment>0x4</alignment>
         <input_file_ref idref="fl-22"/>
      </object_component>
      <object_component id="oc-347">
         <name>.text</name>
         <load_address>0x1003f90</load_address>
         <readonly>true</readonly>
         <executable>true</executable>
         <run_address>0x1003f90</run_address>
         <size>0x96</size>
         <alignment>0x10</alignment>
         <input_file_ref idref="fl-19"/>
      </object_component>
      <object_component id="oc-357">
         <name>.text.__aeabi_ldiv0</name>
         <load_address>0x1004026</load_address>
         <readonly>true</readonly>
         <executable>true</executable>
         <run_address>0x1004026</run_address>
         <size>0x2</size>
         <alignment>0x2</alignment>
         <input_file_ref idref="fl-e5"/>
      </object_component>
      <object_component id="oc-10e">
         <name>.text._ZN7BQ2589022print_ntc_fault_statusEv</name>
         <load_address>0x1004028</load_address>
         <readonly>true</readonly>
         <executable>true</executable>
         <run_address>0x1004028</run_address>
         <size>0x94</size>
         <alignment>0x4</alignment>
         <input_file_ref idref="fl-1"/>
      </object_component>
      <object_component id="oc-18f">
         <name>.text.__divsf3</name>
         <load_address>0x10040bc</load_address>
         <readonly>true</readonly>
         <executable>true</executable>
         <run_address>0x10040bc</run_address>
         <size>0x92</size>
         <alignment>0x4</alignment>
         <input_file_ref idref="fl-d9"/>
      </object_component>
      <object_component id="oc-219">
         <name>.text.uDMAChannelAttributeDisable</name>
         <load_address>0x100414e</load_address>
         <readonly>true</readonly>
         <executable>true</executable>
         <run_address>0x100414e</run_address>
         <size>0x92</size>
         <alignment>0x2</alignment>
         <input_file_ref idref="fl-33"/>
      </object_component>
      <object_component id="oc-374">
         <name>.text.PRCMSysResetCauseGet</name>
         <load_address>0x10041e0</load_address>
         <readonly>true</readonly>
         <executable>true</executable>
         <run_address>0x10041e0</run_address>
         <size>0x8e</size>
         <alignment>0x2</alignment>
         <input_file_ref idref="fl-2e"/>
      </object_component>
      <object_component id="oc-1f6">
         <name>.text.I2CCC32XX_primeReadBurst</name>
         <load_address>0x100426e</load_address>
         <readonly>true</readonly>
         <executable>true</executable>
         <run_address>0x100426e</run_address>
         <size>0x7a</size>
         <alignment>0x2</alignment>
         <input_file_ref idref="fl-17"/>
      </object_component>
      <object_component id="oc-10b">
         <name>.text._ZN7BQ2589021print_charging_statusEv</name>
         <load_address>0x10042e8</load_address>
         <readonly>true</readonly>
         <executable>true</executable>
         <run_address>0x10042e8</run_address>
         <size>0x78</size>
         <alignment>0x4</alignment>
         <input_file_ref idref="fl-1"/>
      </object_component>
      <object_component id="oc-144">
         <name>.text.HwiP_construct</name>
         <load_address>0x1004360</load_address>
         <readonly>true</readonly>
         <executable>true</executable>
         <run_address>0x1004360</run_address>
         <size>0x74</size>
         <alignment>0x4</alignment>
         <input_file_ref idref="fl-24"/>
      </object_component>
      <object_component id="oc-20e">
         <name>.text.UARTConfigSetExpClk</name>
         <load_address>0x10043d4</load_address>
         <readonly>true</readonly>
         <executable>true</executable>
         <run_address>0x10043d4</run_address>
         <size>0x74</size>
         <alignment>0x2</alignment>
         <input_file_ref idref="fl-32"/>
      </object_component>
      <object_component id="oc-19">
         <name>.text:decompress:lzss</name>
         <load_address>0x1004448</load_address>
         <readonly>true</readonly>
         <executable>true</executable>
         <run_address>0x1004448</run_address>
         <size>0x70</size>
         <alignment>0x2</alignment>
         <input_file_ref idref="fl-4d"/>
      </object_component>
      <object_component id="oc-30a">
         <name>.text.__gedf2</name>
         <load_address>0x10044b8</load_address>
         <readonly>true</readonly>
         <executable>true</executable>
         <run_address>0x10044b8</run_address>
         <size>0x6e</size>
         <alignment>0x4</alignment>
         <input_file_ref idref="fl-e4"/>
      </object_component>
      <object_component id="oc-1bb">
         <name>.text._nop</name>
         <load_address>0x1004526</load_address>
         <readonly>true</readonly>
         <executable>true</executable>
         <run_address>0x1004526</run_address>
         <size>0x2</size>
         <alignment>0x2</alignment>
         <input_file_ref idref="fl-53"/>
      </object_component>
      <object_component id="oc-304">
         <name>.text.__ledf2</name>
         <load_address>0x1004528</load_address>
         <readonly>true</readonly>
         <executable>true</executable>
         <run_address>0x1004528</run_address>
         <size>0x6e</size>
         <alignment>0x4</alignment>
         <input_file_ref idref="fl-e4"/>
      </object_component>
      <object_component id="oc-345">
         <name>.text.PinLockLevelSet</name>
         <load_address>0x1004596</load_address>
         <readonly>true</readonly>
         <executable>true</executable>
         <run_address>0x1004596</run_address>
         <size>0x6c</size>
         <alignment>0x2</alignment>
         <input_file_ref idref="fl-2d"/>
      </object_component>
      <object_component id="oc-58">
         <name>.text.busFaultHandler</name>
         <load_address>0x1004602</load_address>
         <readonly>true</readonly>
         <executable>true</executable>
         <run_address>0x1004602</run_address>
         <size>0x2</size>
         <alignment>0x2</alignment>
         <input_file_ref idref="fl-26"/>
      </object_component>
      <object_component id="oc-131">
         <name>.text.Power_setDependency</name>
         <load_address>0x1004604</load_address>
         <readonly>true</readonly>
         <executable>true</executable>
         <run_address>0x1004604</run_address>
         <size>0x6c</size>
         <alignment>0x4</alignment>
         <input_file_ref idref="fl-18"/>
      </object_component>
      <object_component id="oc-167">
         <name>.text.UDMACC32XX_open</name>
         <load_address>0x1004670</load_address>
         <readonly>true</readonly>
         <executable>true</executable>
         <run_address>0x1004670</run_address>
         <size>0x6c</size>
         <alignment>0x4</alignment>
         <input_file_ref idref="fl-20"/>
      </object_component>
      <object_component id="oc-32c">
         <name>.text._mcpy</name>
         <load_address>0x10046dc</load_address>
         <readonly>true</readonly>
         <executable>true</executable>
         <run_address>0x10046dc</run_address>
         <size>0x6c</size>
         <alignment>0x2</alignment>
         <input_file_ref idref="fl-4e"/>
      </object_component>
      <object_component id="oc-2ed">
         <name>.text.split</name>
         <load_address>0x1004748</load_address>
         <readonly>true</readonly>
         <executable>true</executable>
         <run_address>0x1004748</run_address>
         <size>0x6c</size>
         <alignment>0x4</alignment>
         <input_file_ref idref="fl-45"/>
      </object_component>
      <object_component id="oc-1fb">
         <name>.text.PRCMPeripheralReset</name>
         <load_address>0x10047b4</load_address>
         <readonly>true</readonly>
         <executable>true</executable>
         <run_address>0x10047b4</run_address>
         <size>0x6a</size>
         <alignment>0x2</alignment>
         <input_file_ref idref="fl-2e"/>
      </object_component>
      <object_component id="oc-25e">
         <name>.text.clkFxn</name>
         <load_address>0x100481e</load_address>
         <readonly>true</readonly>
         <executable>true</executable>
         <run_address>0x100481e</run_address>
         <size>0x2</size>
         <alignment>0x2</alignment>
         <input_file_ref idref="fl-22"/>
      </object_component>
      <object_component id="oc-14b">
         <name>.text.I2CCC32XX_initHw</name>
         <load_address>0x1004820</load_address>
         <readonly>true</readonly>
         <executable>true</executable>
         <run_address>0x1004820</run_address>
         <size>0x68</size>
         <alignment>0x4</alignment>
         <input_file_ref idref="fl-17"/>
      </object_component>
      <object_component id="oc-1d0">
         <name>.text.IntPendClear</name>
         <load_address>0x1004888</load_address>
         <readonly>true</readonly>
         <executable>true</executable>
         <run_address>0x1004888</run_address>
         <size>0x68</size>
         <alignment>0x2</alignment>
         <input_file_ref idref="fl-2c"/>
      </object_component>
      <object_component id="oc-1f7">
         <name>.text.I2CCC32XX_primeWriteBurst</name>
         <load_address>0x10048f0</load_address>
         <readonly>true</readonly>
         <executable>true</executable>
         <run_address>0x10048f0</run_address>
         <size>0x66</size>
         <alignment>0x2</alignment>
         <input_file_ref idref="fl-17"/>
      </object_component>
      <object_component id="oc-57">
         <name>.text.defaultHandler</name>
         <load_address>0x1004956</load_address>
         <readonly>true</readonly>
         <executable>true</executable>
         <run_address>0x1004956</run_address>
         <size>0x2</size>
         <alignment>0x2</alignment>
         <input_file_ref idref="fl-26"/>
      </object_component>
      <object_component id="oc-2b7">
         <name>.text.__aeabi_dcmp</name>
         <load_address>0x1004958</load_address>
         <readonly>true</readonly>
         <executable>true</executable>
         <run_address>0x1004958</run_address>
         <size>0x62</size>
         <alignment>0x4</alignment>
         <input_file_ref idref="fl-df"/>
      </object_component>
      <object_component id="oc-232">
         <name>.text.UART2Support_dmaStopTx</name>
         <load_address>0x10049ba</load_address>
         <readonly>true</readonly>
         <executable>true</executable>
         <run_address>0x10049ba</run_address>
         <size>0x60</size>
         <alignment>0x2</alignment>
         <input_file_ref idref="fl-1d"/>
      </object_component>
      <object_component id="oc-37b">
         <name>.text.FlashDisable</name>
         <load_address>0x1004a1a</load_address>
         <readonly>true</readonly>
         <executable>true</executable>
         <run_address>0x1004a1a</run_address>
         <size>0x5c</size>
         <alignment>0x2</alignment>
         <input_file_ref idref="fl-35"/>
      </object_component>
      <object_component id="oc-270">
         <name>.text.I2CSupport_primeTransfer</name>
         <load_address>0x1004a76</load_address>
         <readonly>true</readonly>
         <executable>true</executable>
         <run_address>0x1004a76</run_address>
         <size>0x5c</size>
         <alignment>0x2</alignment>
         <input_file_ref idref="fl-17"/>
      </object_component>
      <object_component id="oc-56">
         <name>.text.faultISR</name>
         <load_address>0x1004ad2</load_address>
         <readonly>true</readonly>
         <executable>true</executable>
         <run_address>0x1004ad2</run_address>
         <size>0x2</size>
         <alignment>0x2</alignment>
         <input_file_ref idref="fl-26"/>
      </object_component>
      <object_component id="oc-173">
         <name>.text.TimerCC32XX_allocateTimerResource</name>
         <load_address>0x1004ad4</load_address>
         <readonly>true</readonly>
         <executable>true</executable>
         <run_address>0x1004ad4</run_address>
         <size>0x5c</size>
         <alignment>0x4</alignment>
         <input_file_ref idref="fl-1b"/>
      </object_component>
      <object_component id="oc-2bd">
         <name>.text._pconv_f</name>
         <load_address>0x1004b30</load_address>
         <readonly>true</readonly>
         <executable>true</executable>
         <run_address>0x1004b30</run_address>
         <size>0x5c</size>
         <alignment>0x2</alignment>
         <input_file_ref idref="fl-4e"/>
      </object_component>
      <object_component id="oc-1c5">
         <name>.text.PRCMPeripheralClkEnable</name>
         <load_address>0x1004b8c</load_address>
         <readonly>true</readonly>
         <executable>true</executable>
         <run_address>0x1004b8c</run_address>
         <size>0x5a</size>
         <alignment>0x2</alignment>
         <input_file_ref idref="fl-2e"/>
      </object_component>
      <object_component id="oc-55">
         <name>.text.nmiISR</name>
         <load_address>0x1004be6</load_address>
         <readonly>true</readonly>
         <executable>true</executable>
         <run_address>0x1004be6</run_address>
         <size>0x2</size>
         <alignment>0x2</alignment>
         <input_file_ref idref="fl-26"/>
      </object_component>
      <object_component id="oc-268">
         <name>.text.ClockP_startup</name>
         <load_address>0x1004be8</load_address>
         <readonly>true</readonly>
         <executable>true</executable>
         <run_address>0x1004be8</run_address>
         <size>0x58</size>
         <alignment>0x4</alignment>
         <input_file_ref idref="fl-23"/>
      </object_component>
      <object_component id="oc-1dc">
         <name>.text.IntPrioritySet</name>
         <load_address>0x1004c40</load_address>
         <readonly>true</readonly>
         <executable>true</executable>
         <run_address>0x1004c40</run_address>
         <size>0x58</size>
         <alignment>0x2</alignment>
         <input_file_ref idref="fl-2c"/>
      </object_component>
      <object_component id="oc-352">
         <name>.text.PRCMLPDSEnter</name>
         <load_address>0x1004c98</load_address>
         <readonly>true</readonly>
         <executable>true</executable>
         <run_address>0x1004c98</run_address>
         <size>0x56</size>
         <alignment>0x2</alignment>
         <input_file_ref idref="fl-2e"/>
      </object_component>
      <object_component id="oc-318">
         <name>.text.__TI_ltoa</name>
         <load_address>0x1004cee</load_address>
         <readonly>true</readonly>
         <executable>true</executable>
         <run_address>0x1004cee</run_address>
         <size>0x56</size>
         <alignment>0x2</alignment>
         <input_file_ref idref="fl-54"/>
      </object_component>
      <object_component id="oc-201">
         <name>.text.PowerCC32XX_setParkState</name>
         <load_address>0x1004d44</load_address>
         <readonly>true</readonly>
         <executable>true</executable>
         <run_address>0x1004d44</run_address>
         <size>0x54</size>
         <alignment>0x4</alignment>
         <input_file_ref idref="fl-18"/>
      </object_component>
      <object_component id="oc-225">
         <name>.text.Power_releaseDependency</name>
         <load_address>0x1004d98</load_address>
         <readonly>true</readonly>
         <executable>true</executable>
         <run_address>0x1004d98</run_address>
         <size>0x54</size>
         <alignment>0x4</alignment>
         <input_file_ref idref="fl-18"/>
      </object_component>
      <object_component id="oc-30c">
         <name>.text.frexp</name>
         <load_address>0x1004dec</load_address>
         <readonly>true</readonly>
         <executable>true</executable>
         <run_address>0x1004dec</run_address>
         <size>0x54</size>
         <alignment>0x4</alignment>
         <input_file_ref idref="fl-4f"/>
      </object_component>
      <object_component id="oc-1e1">
         <name>.text.SemaphoreP_construct</name>
         <load_address>0x1004e40</load_address>
         <readonly>true</readonly>
         <executable>true</executable>
         <run_address>0x1004e40</run_address>
         <size>0x50</size>
         <alignment>0x4</alignment>
         <input_file_ref idref="fl-22"/>
      </object_component>
      <object_component id="oc-32a">
         <name>.text._ecpy</name>
         <load_address>0x1004e90</load_address>
         <readonly>true</readonly>
         <executable>true</executable>
         <run_address>0x1004e90</run_address>
         <size>0x4e</size>
         <alignment>0x2</alignment>
         <input_file_ref idref="fl-4e"/>
      </object_component>
      <object_component id="oc-218">
         <name>.text.uDMAChannelAssign</name>
         <load_address>0x1004ede</load_address>
         <readonly>true</readonly>
         <executable>true</executable>
         <run_address>0x1004ede</run_address>
         <size>0x4e</size>
         <alignment>0x2</alignment>
         <input_file_ref idref="fl-33"/>
      </object_component>
      <object_component id="oc-372">
         <name>.text.PRCMLPDSRestoreInfoSet</name>
         <load_address>0x1004f2c</load_address>
         <readonly>true</readonly>
         <executable>true</executable>
         <run_address>0x1004f2c</run_address>
         <size>0x4c</size>
         <alignment>0x2</alignment>
         <input_file_ref idref="fl-2e"/>
      </object_component>
      <object_component id="oc-10d">
         <name>.text._ZN7BQ2589020print_vbus_gd_statusEv</name>
         <load_address>0x1004f78</load_address>
         <readonly>true</readonly>
         <executable>true</executable>
         <run_address>0x1004f78</run_address>
         <size>0x4c</size>
         <alignment>0x4</alignment>
         <input_file_ref idref="fl-1"/>
      </object_component>
      <object_component id="oc-178">
         <name>.text.initHw</name>
         <load_address>0x1004fc4</load_address>
         <readonly>true</readonly>
         <executable>true</executable>
         <run_address>0x1004fc4</run_address>
         <size>0x4c</size>
         <alignment>0x2</alignment>
         <input_file_ref idref="fl-1b"/>
      </object_component>
      <object_component id="oc-22e">
         <name>.text.UART2Support_dmaStopRx</name>
         <load_address>0x1005010</load_address>
         <readonly>true</readonly>
         <executable>true</executable>
         <run_address>0x1005010</run_address>
         <size>0x4a</size>
         <alignment>0x2</alignment>
         <input_file_ref idref="fl-1d"/>
      </object_component>
      <object_component id="oc-177">
         <name>.text.getPrescaler</name>
         <load_address>0x100505a</load_address>
         <readonly>true</readonly>
         <executable>true</executable>
         <run_address>0x100505a</run_address>
         <size>0x4a</size>
         <alignment>0x2</alignment>
         <input_file_ref idref="fl-1b"/>
      </object_component>
      <object_component id="oc-28b">
         <name>.text.uDMAChannelSizeGet</name>
         <load_address>0x10050a4</load_address>
         <readonly>true</readonly>
         <executable>true</executable>
         <run_address>0x10050a4</run_address>
         <size>0x4a</size>
         <alignment>0x2</alignment>
         <input_file_ref idref="fl-33"/>
      </object_component>
      <object_component id="oc-59">
         <name>.text.ClockP_sysTickHandler</name>
         <load_address>0x10050f0</load_address>
         <readonly>true</readonly>
         <executable>true</executable>
         <run_address>0x10050f0</run_address>
         <size>0x48</size>
         <alignment>0x4</alignment>
         <input_file_ref idref="fl-23"/>
      </object_component>
      <object_component id="oc-34c">
         <name>.text.PRCMIntEnable</name>
         <load_address>0x1005138</load_address>
         <readonly>true</readonly>
         <executable>true</executable>
         <run_address>0x1005138</run_address>
         <size>0x48</size>
         <alignment>0x2</alignment>
         <input_file_ref idref="fl-2e"/>
      </object_component>
      <object_component id="oc-1ca">
         <name>.text.PRCMPeripheralStatusGet</name>
         <load_address>0x1005180</load_address>
         <readonly>true</readonly>
         <executable>true</executable>
         <run_address>0x1005180</run_address>
         <size>0x48</size>
         <alignment>0x2</alignment>
         <input_file_ref idref="fl-2e"/>
      </object_component>
      <object_component id="oc-36f">
         <name>.text.PinConfigGet</name>
         <load_address>0x10051c8</load_address>
         <readonly>true</readonly>
         <executable>true</executable>
         <run_address>0x10051c8</run_address>
         <size>0x48</size>
         <alignment>0x2</alignment>
         <input_file_ref idref="fl-2d"/>
      </object_component>
      <object_component id="oc-314">
         <name>.text.__fixdfsi</name>
         <load_address>0x1005210</load_address>
         <readonly>true</readonly>
         <executable>true</executable>
         <run_address>0x1005210</run_address>
         <size>0x48</size>
         <alignment>0x4</alignment>
         <input_file_ref idref="fl-dc"/>
      </object_component>
      <object_component id="oc-1f5">
         <name>.text.I2CCC32XX_fillTransmitFifo</name>
         <load_address>0x1005258</load_address>
         <readonly>true</readonly>
         <executable>true</executable>
         <run_address>0x1005258</run_address>
         <size>0x46</size>
         <alignment>0x2</alignment>
         <input_file_ref idref="fl-17"/>
      </object_component>
      <object_component id="oc-351">
         <name>.text.PRCMLPDSEnterKeepDebugIf</name>
         <load_address>0x100529e</load_address>
         <readonly>true</readonly>
         <executable>true</executable>
         <run_address>0x100529e</run_address>
         <size>0x46</size>
         <alignment>0x2</alignment>
         <input_file_ref idref="fl-2e"/>
      </object_component>
      <object_component id="oc-289">
         <name>.text.RingBuf_put</name>
         <load_address>0x10052e4</load_address>
         <readonly>true</readonly>
         <executable>true</executable>
         <run_address>0x10052e4</run_address>
         <size>0x46</size>
         <alignment>0x2</alignment>
         <input_file_ref idref="fl-1f"/>
      </object_component>
      <object_component id="oc-231">
         <name>.text.Power_releaseConstraint</name>
         <load_address>0x100532c</load_address>
         <readonly>true</readonly>
         <executable>true</executable>
         <run_address>0x100532c</run_address>
         <size>0x44</size>
         <alignment>0x4</alignment>
         <input_file_ref idref="fl-18"/>
      </object_component>
      <object_component id="oc-113">
         <name>.text.Timer_start</name>
         <load_address>0x1005370</load_address>
         <readonly>true</readonly>
         <executable>true</executable>
         <run_address>0x1005370</run_address>
         <size>0x44</size>
         <alignment>0x2</alignment>
         <input_file_ref idref="fl-1a"/>
      </object_component>
      <object_component id="oc-107">
         <name>.text._ZN7BQ2589017print_bus_voltageEv</name>
         <load_address>0x10053b4</load_address>
         <readonly>true</readonly>
         <executable>true</executable>
         <run_address>0x10053b4</run_address>
         <size>0x44</size>
         <alignment>0x4</alignment>
         <input_file_ref idref="fl-1"/>
      </object_component>
      <object_component id="oc-111">
         <name>.text._ZN7BQ2589020print_charge_currentEv</name>
         <load_address>0x10053f8</load_address>
         <readonly>true</readonly>
         <executable>true</executable>
         <run_address>0x10053f8</run_address>
         <size>0x44</size>
         <alignment>0x4</alignment>
         <input_file_ref idref="fl-1"/>
      </object_component>
      <object_component id="oc-10f">
         <name>.text._ZN7BQ2589020print_system_voltageEv</name>
         <load_address>0x100543c</load_address>
         <readonly>true</readonly>
         <executable>true</executable>
         <run_address>0x100543c</run_address>
         <size>0x44</size>
         <alignment>0x4</alignment>
         <input_file_ref idref="fl-1"/>
      </object_component>
      <object_component id="oc-109">
         <name>.text._ZN7BQ2589021print_battery_voltageEv</name>
         <load_address>0x1005480</load_address>
         <readonly>true</readonly>
         <executable>true</executable>
         <run_address>0x1005480</run_address>
         <size>0x44</size>
         <alignment>0x4</alignment>
         <input_file_ref idref="fl-1"/>
      </object_component>
      <object_component id="oc-7e">
         <name>.text.addToList</name>
         <load_address>0x10054c4</load_address>
         <readonly>true</readonly>
         <executable>true</executable>
         <run_address>0x10054c4</run_address>
         <size>0x44</size>
         <alignment>0x4</alignment>
         <input_file_ref idref="fl-23"/>
      </object_component>
      <object_component id="oc-1d1">
         <name>.text.PinModeSet</name>
         <load_address>0x1005508</load_address>
         <readonly>true</readonly>
         <executable>true</executable>
         <run_address>0x1005508</run_address>
         <size>0x42</size>
         <alignment>0x2</alignment>
         <input_file_ref idref="fl-2d"/>
      </object_component>
      <object_component id="oc-243">
         <name>.text.TimerControlStall</name>
         <load_address>0x100554a</load_address>
         <readonly>true</readonly>
         <executable>true</executable>
         <run_address>0x100554a</run_address>
         <size>0x42</size>
         <alignment>0x2</alignment>
         <input_file_ref idref="fl-31"/>
      </object_component>
      <object_component id="oc-176">
         <name>.text.Timer_close</name>
         <load_address>0x100558c</load_address>
         <readonly>true</readonly>
         <executable>true</executable>
         <run_address>0x100558c</run_address>
         <size>0x42</size>
         <alignment>0x2</alignment>
         <input_file_ref idref="fl-1b"/>
      </object_component>
      <object_component id="oc-2df">
         <name>.text.getCountsRTC</name>
         <load_address>0x10055ce</load_address>
         <readonly>true</readonly>
         <executable>true</executable>
         <run_address>0x10055ce</run_address>
         <size>0x42</size>
         <alignment>0x2</alignment>
         <input_file_ref idref="fl-25"/>
      </object_component>
      <object_component id="oc-1fa">
         <name>.text.SemaphoreP_post</name>
         <load_address>0x1005610</load_address>
         <readonly>true</readonly>
         <executable>true</executable>
         <run_address>0x1005610</run_address>
         <size>0x40</size>
         <alignment>0x4</alignment>
         <input_file_ref idref="fl-22"/>
      </object_component>
      <object_component id="oc-239">
         <name>.text.Timer_stop</name>
         <load_address>0x1005650</load_address>
         <readonly>true</readonly>
         <executable>true</executable>
         <run_address>0x1005650</run_address>
         <size>0x40</size>
         <alignment>0x2</alignment>
         <input_file_ref idref="fl-1a"/>
      </object_component>
      <object_component id="oc-2a5">
         <name>.text.atoi</name>
         <load_address>0x1005690</load_address>
         <readonly>true</readonly>
         <executable>true</executable>
         <run_address>0x1005690</run_address>
         <size>0x40</size>
         <alignment>0x4</alignment>
         <input_file_ref idref="fl-57"/>
      </object_component>
      <object_component id="oc-290">
         <name>.text.uDMAChannelControlSet</name>
         <load_address>0x10056d0</load_address>
         <readonly>true</readonly>
         <executable>true</executable>
         <run_address>0x10056d0</run_address>
         <size>0x40</size>
         <alignment>0x2</alignment>
         <input_file_ref idref="fl-33"/>
      </object_component>
      <object_component id="oc-371">
         <name>.text.PinDirModeSet</name>
         <load_address>0x1005710</load_address>
         <readonly>true</readonly>
         <executable>true</executable>
         <run_address>0x1005710</run_address>
         <size>0x3e</size>
         <alignment>0x2</alignment>
         <input_file_ref idref="fl-2d"/>
      </object_component>
      <object_component id="oc-2c8">
         <name>.text.ClockP_stop</name>
         <load_address>0x1005750</load_address>
         <readonly>true</readonly>
         <executable>true</executable>
         <run_address>0x1005750</run_address>
         <size>0x3c</size>
         <alignment>0x4</alignment>
         <input_file_ref idref="fl-23"/>
      </object_component>
      <object_component id="oc-162">
         <name>.text.UDMACC32XX_init</name>
         <load_address>0x100578c</load_address>
         <readonly>true</readonly>
         <executable>true</executable>
         <run_address>0x100578c</run_address>
         <size>0x3c</size>
         <alignment>0x4</alignment>
         <input_file_ref idref="fl-20"/>
      </object_component>
      <object_component id="oc-1b9">
         <name>.text.TimerSupport_timerEnable</name>
         <load_address>0x10057c8</load_address>
         <readonly>true</readonly>
         <executable>true</executable>
         <run_address>0x10057c8</run_address>
         <size>0x3a</size>
         <alignment>0x2</alignment>
         <input_file_ref idref="fl-1b"/>
      </object_component>
      <object_component id="oc-25d">
         <name>.text.ClockP_destruct</name>
         <load_address>0x1005804</load_address>
         <readonly>true</readonly>
         <executable>true</executable>
         <run_address>0x1005804</run_address>
         <size>0x38</size>
         <alignment>0x4</alignment>
         <input_file_ref idref="fl-23"/>
      </object_component>
      <object_component id="oc-257">
         <name>.text.Power_setConstraint</name>
         <load_address>0x100583c</load_address>
         <readonly>true</readonly>
         <executable>true</executable>
         <run_address>0x100583c</run_address>
         <size>0x38</size>
         <alignment>0x4</alignment>
         <input_file_ref idref="fl-18"/>
      </object_component>
      <object_component id="oc-28d">
         <name>.text.RingBuf_putAdvance</name>
         <load_address>0x1005874</load_address>
         <readonly>true</readonly>
         <executable>true</executable>
         <run_address>0x1005874</run_address>
         <size>0x38</size>
         <alignment>0x2</alignment>
         <input_file_ref idref="fl-1f"/>
      </object_component>
      <object_component id="oc-2e6">
         <name>.text.SwiP_restore</name>
         <load_address>0x10058ac</load_address>
         <readonly>true</readonly>
         <executable>true</executable>
         <run_address>0x10058ac</run_address>
         <size>0x38</size>
         <alignment>0x4</alignment>
         <input_file_ref idref="fl-27"/>
      </object_component>
      <object_component id="oc-223">
         <name>.text.UDMACC32XX_close</name>
         <load_address>0x10058e4</load_address>
         <readonly>true</readonly>
         <executable>true</executable>
         <run_address>0x10058e4</run_address>
         <size>0x38</size>
         <alignment>0x4</alignment>
         <input_file_ref idref="fl-20"/>
      </object_component>
      <object_component id="oc-193">
         <name>.text.__extendsfdf2</name>
         <load_address>0x100591c</load_address>
         <readonly>true</readonly>
         <executable>true</executable>
         <run_address>0x100591c</run_address>
         <size>0x38</size>
         <alignment>0x4</alignment>
         <input_file_ref idref="fl-db"/>
      </object_component>
      <object_component id="oc-fd">
         <name>.text.sprintf</name>
         <load_address>0x1005954</load_address>
         <readonly>true</readonly>
         <executable>true</executable>
         <run_address>0x1005954</run_address>
         <size>0x38</size>
         <alignment>0x4</alignment>
         <input_file_ref idref="fl-44"/>
      </object_component>
      <object_component id="oc-b9">
         <name>.text:__TI_auto_init_nobinit_nopinit</name>
         <load_address>0x100598c</load_address>
         <readonly>true</readonly>
         <executable>true</executable>
         <run_address>0x100598c</run_address>
         <size>0x38</size>
         <alignment>0x4</alignment>
         <input_file_ref idref="fl-48"/>
      </object_component>
      <object_component id="oc-346">
         <name>.text.PinLock</name>
         <load_address>0x10059c4</load_address>
         <readonly>true</readonly>
         <executable>true</executable>
         <run_address>0x10059c4</run_address>
         <size>0x36</size>
         <alignment>0x2</alignment>
         <input_file_ref idref="fl-2d"/>
      </object_component>
      <object_component id="oc-17d">
         <name>.text.TimerCC32XX_hwiIntFunction</name>
         <load_address>0x10059fa</load_address>
         <readonly>true</readonly>
         <executable>true</executable>
         <run_address>0x10059fa</run_address>
         <size>0x36</size>
         <alignment>0x2</alignment>
         <input_file_ref idref="fl-1b"/>
      </object_component>
      <object_component id="oc-334">
         <name>.text.UARTCharPutNonBlocking</name>
         <load_address>0x1005a30</load_address>
         <readonly>true</readonly>
         <executable>true</executable>
         <run_address>0x1005a30</run_address>
         <size>0x36</size>
         <alignment>0x2</alignment>
         <input_file_ref idref="fl-32"/>
      </object_component>
      <object_component id="oc-25a">
         <name>.text.ClockP_start</name>
         <load_address>0x1005a68</load_address>
         <readonly>true</readonly>
         <executable>true</executable>
         <run_address>0x1005a68</run_address>
         <size>0x34</size>
         <alignment>0x4</alignment>
         <input_file_ref idref="fl-23"/>
      </object_component>
      <object_component id="oc-26b">
         <name>.text.I2CFIFODataPutNonBlocking</name>
         <load_address>0x1005a9c</load_address>
         <readonly>true</readonly>
         <executable>true</executable>
         <run_address>0x1005a9c</run_address>
         <size>0x34</size>
         <alignment>0x2</alignment>
         <input_file_ref idref="fl-2b"/>
      </object_component>
      <object_component id="oc-370">
         <name>.text.PinDirModeGet</name>
         <load_address>0x1005ad0</load_address>
         <readonly>true</readonly>
         <executable>true</executable>
         <run_address>0x1005ad0</run_address>
         <size>0x34</size>
         <alignment>0x2</alignment>
         <input_file_ref idref="fl-2d"/>
      </object_component>
      <object_component id="oc-344">
         <name>.text.PinModeGet</name>
         <load_address>0x1005b04</load_address>
         <readonly>true</readonly>
         <executable>true</executable>
         <run_address>0x1005b04</run_address>
         <size>0x34</size>
         <alignment>0x2</alignment>
         <input_file_ref idref="fl-2d"/>
      </object_component>
      <object_component id="oc-343">
         <name>.text.PowerCC32XX_parkPin</name>
         <load_address>0x1005b38</load_address>
         <readonly>true</readonly>
         <executable>true</executable>
         <run_address>0x1005b38</run_address>
         <size>0x34</size>
         <alignment>0x2</alignment>
         <input_file_ref idref="fl-18"/>
      </object_component>
      <object_component id="oc-23b">
         <name>.text.TimerCC32XX_freeTimerResource</name>
         <load_address>0x1005b6c</load_address>
         <readonly>true</readonly>
         <executable>true</executable>
         <run_address>0x1005b6c</run_address>
         <size>0x34</size>
         <alignment>0x4</alignment>
         <input_file_ref idref="fl-1b"/>
      </object_component>
      <object_component id="oc-21f">
         <name>.text.UART2_rxDisable</name>
         <load_address>0x1005ba0</load_address>
         <readonly>true</readonly>
         <executable>true</executable>
         <run_address>0x1005ba0</run_address>
         <size>0x34</size>
         <alignment>0x2</alignment>
         <input_file_ref idref="fl-1c"/>
      </object_component>
      <object_component id="oc-32b">
         <name>.text._fcpy</name>
         <load_address>0x1005bd4</load_address>
         <readonly>true</readonly>
         <executable>true</executable>
         <run_address>0x1005bd4</run_address>
         <size>0x34</size>
         <alignment>0x2</alignment>
[...]
         <value>0x1005ccd</value>
         <object_component_ref idref="oc-340"/>
      </symbol>
      <symbol id="sm-5a1">
         <name>PRCMSysResetCauseGet</name>
         <value>0x10041e1</value>
         <object_component_ref idref="oc-374"/>
      </symbol>
      <symbol id="sm-5bf">
         <name>SysTickEnable</name>
         <value>0x10069f5</value>
         <object_component_ref idref="oc-2ce"/>
      </symbol>
      <symbol id="sm-5c0">
         <name>SysTickIntDisable</name>
         <value>0x1006a07</value>
         <object_component_ref idref="oc-2e0"/>
      </symbol>
      <symbol id="sm-5c1">
         <name>SysTickIntEnable</name>
         <value>0x1006a19</value>
         <object_component_ref idref="oc-2cf"/>
      </symbol>
      <symbol id="sm-5c2">
         <name>SysTickPeriodSet</name>
         <value>0x1006769</value>
         <object_component_ref idref="oc-2c9"/>
      </symbol>
      <symbol id="sm-601">
         <name>TimerControlStall</name>
         <value>0x100554b</value>
         <object_component_ref idref="oc-243"/>
      </symbol>
      <symbol id="sm-602">
         <name>TimerDisable</name>
         <value>0x10064bd</value>
         <object_component_ref idref="oc-23c"/>
      </symbol>
      <symbol id="sm-603">
         <name>TimerEnable</name>
         <value>0x10066ab</value>
         <object_component_ref idref="oc-258"/>
      </symbol>
      <symbol id="sm-604">
         <name>TimerIntClear</name>
         <value>0x1006af1</value>
         <object_component_ref idref="oc-246"/>
      </symbol>
      <symbol id="sm-605">
         <name>TimerIntDisable</name>
         <value>0x100677f</value>
         <object_component_ref idref="oc-2f0"/>
      </symbol>
      <symbol id="sm-606">
         <name>TimerIntEnable</name>
         <value>0x1006911</value>
         <object_component_ref idref="oc-256"/>
      </symbol>
      <symbol id="sm-607">
         <name>TimerLoadSet</name>
         <value>0x1005cfd</value>
         <object_component_ref idref="oc-242"/>
      </symbol>
      <symbol id="sm-608">
         <name>TimerPrescaleSet</name>
         <value>0x1005d2d</value>
         <object_component_ref idref="oc-241"/>
      </symbol>
      <symbol id="sm-672">
         <name>UARTBusy</name>
         <value>0x1006b21</value>
         <object_component_ref idref="oc-335"/>
      </symbol>
      <symbol id="sm-673">
         <name>UARTCharPutNonBlocking</name>
         <value>0x1005a31</value>
         <object_component_ref idref="oc-334"/>
      </symbol>
      <symbol id="sm-674">
         <name>UARTCharsAvail</name>
         <value>0x1006795</value>
         <object_component_ref idref="oc-22f"/>
      </symbol>
      <symbol id="sm-675">
         <name>UARTConfigSetExpClk</name>
         <value>0x10043d5</value>
         <object_component_ref idref="oc-20e"/>
      </symbol>
      <symbol id="sm-676">
         <name>UARTDMADisable</name>
         <value>0x10067ab</value>
         <object_component_ref idref="oc-21e"/>
      </symbol>
      <symbol id="sm-677">
         <name>UARTDMAEnable</name>
         <value>0x1006925</value>
         <object_component_ref idref="oc-293"/>
      </symbol>
      <symbol id="sm-678">
         <name>UARTDisable</name>
         <value>0x1005ea9</value>
         <object_component_ref idref="oc-220"/>
      </symbol>
      <symbol id="sm-679">
         <name>UARTEnable</name>
         <value>0x1006539</value>
         <object_component_ref idref="oc-214"/>
      </symbol>
      <symbol id="sm-67a">
         <name>UARTFIFOLevelSet</name>
         <value>0x10067c1</value>
         <object_component_ref idref="oc-216"/>
      </symbol>
      <symbol id="sm-67b">
         <name>UARTFlowControlSet</name>
         <value>0x10066c5</value>
         <object_component_ref idref="oc-217"/>
      </symbol>
      <symbol id="sm-67c">
         <name>UARTIntClear</name>
         <value>0x1006b31</value>
         <object_component_ref idref="oc-213"/>
      </symbol>
      <symbol id="sm-67d">
         <name>UARTIntDisable</name>
         <value>0x10067d7</value>
         <object_component_ref idref="oc-21d"/>
      </symbol>
      <symbol id="sm-67e">
         <name>UARTIntEnable</name>
         <value>0x1006939</value>
         <object_component_ref idref="oc-215"/>
      </symbol>
      <symbol id="sm-67f">
         <name>UARTIntStatus</name>
         <value>0x1005fb3</value>
         <object_component_ref idref="oc-22a"/>
      </symbol>
      <symbol id="sm-680">
         <name>UARTRxErrorGet</name>
         <value>0x1006b41</value>
         <object_component_ref idref="oc-22c"/>
      </symbol>
      <symbol id="sm-6d9">
         <name>uDMAChannelAssign</name>
         <value>0x1004edf</value>
         <object_component_ref idref="oc-218"/>
      </symbol>
      <symbol id="sm-6da">
         <name>uDMAChannelAttributeDisable</name>
         <value>0x100414f</value>
         <object_component_ref idref="oc-219"/>
      </symbol>
      <symbol id="sm-6db">
         <name>uDMAChannelControlSet</name>
         <value>0x10056d1</value>
         <object_component_ref idref="oc-290"/>
      </symbol>
      <symbol id="sm-6dc">
         <name>uDMAChannelDisable</name>
         <value>0x1006575</value>
         <object_component_ref idref="oc-28a"/>
      </symbol>
      <symbol id="sm-6dd">
         <name>uDMAChannelEnable</name>
         <value>0x1006593</value>
         <object_component_ref idref="oc-292"/>
      </symbol>
      <symbol id="sm-6de">
         <name>uDMAChannelIsEnabled</name>
         <value>0x10065b1</value>
         <object_component_ref idref="oc-22d"/>
      </symbol>
      <symbol id="sm-6df">
         <name>uDMAChannelSizeGet</name>
         <value>0x10050a5</value>
         <object_component_ref idref="oc-28b"/>
      </symbol>
      <symbol id="sm-6e0">
         <name>uDMAChannelTransferSet</name>
         <value>0x100309d</value>
         <object_component_ref idref="oc-291"/>
      </symbol>
      <symbol id="sm-6e1">
         <name>uDMAControlBaseSet</name>
         <value>0x1006961</value>
         <object_component_ref idref="oc-20b"/>
      </symbol>
      <symbol id="sm-6e2">
         <name>uDMAEnable</name>
         <value>0x1006ba9</value>
         <object_component_ref idref="oc-206"/>
      </symbol>
      <symbol id="sm-6e3">
         <name>uDMAErrorStatusClear</name>
         <value>0x1006bb7</value>
         <object_component_ref idref="oc-356"/>
      </symbol>
      <symbol id="sm-6e4">
         <name>uDMAErrorStatusGet</name>
         <value>0x1006c7d</value>
         <object_component_ref idref="oc-355"/>
      </symbol>
      <symbol id="sm-6e5">
         <name>uDMAIntClear</name>
         <value>0x1006975</value>
         <object_component_ref idref="oc-28c"/>
      </symbol>
      <symbol id="sm-6f0">
         <name>UtilsDelay</name>
         <value>0x1006d29</value>
         <object_component_ref idref="oc-375"/>
      </symbol>
      <symbol id="sm-71d">
         <name>FlashDisable</name>
         <value>0x1004a1b</value>
         <object_component_ref idref="oc-37b"/>
      </symbol>
      <symbol id="sm-72e">
         <name>sprintf</name>
         <value>0x1005955</value>
         <object_component_ref idref="oc-fd"/>
      </symbol>
      <symbol id="sm-74e">
         <name>malloc</name>
         <value>0x1006d41</value>
         <object_component_ref idref="oc-236"/>
      </symbol>
      <symbol id="sm-74f">
         <name>aligned_alloc</name>
         <value>0x1002d49</value>
         <object_component_ref idref="oc-296"/>
      </symbol>
      <symbol id="sm-750">
         <name>free</name>
         <value>0x10033ad</value>
         <object_component_ref idref="oc-238"/>
      </symbol>
      <symbol id="sm-751">
         <name>_sys_memory</name>
         <value>0x20000310</value>
         <object_component_ref idref="oc-32"/>
      </symbol>
      <symbol id="sm-752">
         <name>memalign</name>
         <value>0x1002d49</value>
         <object_component_ref idref="oc-296"/>
      </symbol>
      <symbol id="sm-75d">
         <name>_c_int00_noargs</name>
         <value>0x1006371</value>
         <object_component_ref idref="oc-77"/>
      </symbol>
      <symbol id="sm-75e">
         <name>__stack</name>
         <value>0x2003f000</value>
         <object_component_ref idref="oc-17"/>
      </symbol>
      <symbol id="sm-76a">
         <name>__TI_auto_init_nobinit_nopinit</name>
         <value>0x100598d</value>
         <object_component_ref idref="oc-b9"/>
      </symbol>
      <symbol id="sm-772">
         <name>_system_pre_init</name>
         <value>0x1006d85</value>
         <object_component_ref idref="oc-8c"/>
      </symbol>
      <symbol id="sm-77d">
         <name>__TI_zero_init</name>
         <value>0x1006b61</value>
         <object_component_ref idref="oc-4a"/>
      </symbol>
      <symbol id="sm-786">
         <name>__TI_decompress_none</name>
         <value>0x1006bd3</value>
         <object_component_ref idref="oc-1d"/>
      </symbol>
      <symbol id="sm-790">
         <name>__TI_decompress_lzss</name>
         <value>0x1004449</value>
         <object_component_ref idref="oc-19"/>
      </symbol>
      <symbol id="sm-7d7">
         <name>__TI_printfi</name>
         <value>0x1000841</value>
         <object_component_ref idref="oc-24e"/>
      </symbol>
      <symbol id="sm-7e1">
         <name>frexp</name>
         <value>0x1004ded</value>
         <object_component_ref idref="oc-30c"/>
      </symbol>
      <symbol id="sm-7e2">
         <name>frexpl</name>
         <value>0x1004ded</value>
         <object_component_ref idref="oc-30c"/>
      </symbol>
      <symbol id="sm-7ec">
         <name>scalbn</name>
         <value>0x1003a51</value>
         <object_component_ref idref="oc-310"/>
      </symbol>
      <symbol id="sm-7ed">
         <name>ldexp</name>
         <value>0x1003a51</value>
         <object_component_ref idref="oc-310"/>
      </symbol>
      <symbol id="sm-7ee">
         <name>scalbnl</name>
         <value>0x1003a51</value>
         <object_component_ref idref="oc-310"/>
      </symbol>
      <symbol id="sm-7ef">
         <name>ldexpl</name>
         <value>0x1003a51</value>
         <object_component_ref idref="oc-310"/>
      </symbol>
      <symbol id="sm-7fa">
         <name>__aeabi_errno_addr</name>
         <value>0x1006d31</value>
         <object_component_ref idref="oc-2ad"/>
      </symbol>
      <symbol id="sm-7fb">
         <name>__aeabi_errno</name>
         <value>0x2000928c</value>
         <object_component_ref idref="oc-2fb"/>
      </symbol>
      <symbol id="sm-805">
         <name>abort</name>
         <value>0x1006d89</value>
         <object_component_ref idref="oc-b2"/>
      </symbol>
      <symbol id="sm-806">
         <name>C$$EXIT</name>
         <value>0x1006d88</value>
         <object_component_ref idref="oc-b2"/>
      </symbol>
      <symbol id="sm-80f">
         <name>_nop</name>
         <value>0x1004527</value>
         <object_component_ref idref="oc-1bb"/>
      </symbol>
      <symbol id="sm-810">
         <name>_lock</name>
         <value>0x20009290</value>
         <object_component_ref idref="oc-11c"/>
      </symbol>
      <symbol id="sm-811">
         <name>_unlock</name>
         <value>0x20009294</value>
         <object_component_ref idref="oc-11f"/>
      </symbol>
      <symbol id="sm-81a">
         <name>__TI_ltoa</name>
         <value>0x1004cef</value>
         <object_component_ref idref="oc-318"/>
      </symbol>
      <symbol id="sm-826">
         <name>atoi</name>
         <value>0x1005691</value>
         <object_component_ref idref="oc-2a5"/>
      </symbol>
      <symbol id="sm-830">
         <name>memccpy</name>
         <value>0x1006557</value>
         <object_component_ref idref="oc-29e"/>
      </symbol>
      <symbol id="sm-839">
         <name>wcslen</name>
         <value>0x1006b51</value>
         <object_component_ref idref="oc-2a9"/>
      </symbol>
      <symbol id="sm-83e">
         <name>__aeabi_ctype_table_</name>
         <value>0x1006d90</value>
         <object_component_ref idref="oc-2f4"/>
      </symbol>
      <symbol id="sm-83f">
         <name>__aeabi_ctype_table_C</name>
         <value>0x1006d90</value>
         <object_component_ref idref="oc-2f4"/>
      </symbol>
      <symbol id="sm-857">
         <name>__aeabi_dadd</name>
         <value>0x10022bf</value>
         <object_component_ref idref="oc-320"/>
      </symbol>
      <symbol id="sm-858">
         <name>__adddf3</name>
         <value>0x10022bf</value>
         <object_component_ref idref="oc-320"/>
      </symbol>
      <symbol id="sm-859">
         <name>__aeabi_dsub</name>
         <value>0x10022b5</value>
         <object_component_ref idref="oc-320"/>
      </symbol>
      <symbol id="sm-85a">
         <name>__subdf3</name>
         <value>0x10022b5</value>
         <object_component_ref idref="oc-320"/>
      </symbol>
      <symbol id="sm-860">
         <name>__aeabi_dmul</name>
         <value>0x10032b1</value>
         <object_component_ref idref="oc-324"/>
      </symbol>
      <symbol id="sm-861">
         <name>__muldf3</name>
         <value>0x10032b1</value>
         <object_component_ref idref="oc-324"/>
      </symbol>
      <symbol id="sm-867">
         <name>__aeabi_fdiv</name>
         <value>0x10040bd</value>
         <object_component_ref idref="oc-18f"/>
      </symbol>
      <symbol id="sm-868">
         <name>__divsf3</name>
         <value>0x10040bd</value>
         <object_component_ref idref="oc-18f"/>
      </symbol>
      <symbol id="sm-86e">
         <name>__aeabi_ddiv</name>
         <value>0x1002aed</value>
         <object_component_ref idref="oc-32e"/>
      </symbol>
      <symbol id="sm-86f">
         <name>__divdf3</name>
         <value>0x1002aed</value>
         <object_component_ref idref="oc-32e"/>
      </symbol>
      <symbol id="sm-875">
         <name>__aeabi_f2d</name>
         <value>0x100591d</value>
         <object_component_ref idref="oc-193"/>
      </symbol>
      <symbol id="sm-876">
         <name>__extendsfdf2</name>
         <value>0x100591d</value>
         <object_component_ref idref="oc-193"/>
      </symbol>
      <symbol id="sm-87c">
         <name>__aeabi_d2iz</name>
         <value>0x1005211</value>
         <object_component_ref idref="oc-314"/>
      </symbol>
      <symbol id="sm-87d">
         <name>__fixdfsi</name>
         <value>0x1005211</value>
         <object_component_ref idref="oc-314"/>
      </symbol>
      <symbol id="sm-883">
         <name>__aeabi_i2d</name>
         <value>0x1005ed9</value>
         <object_component_ref idref="oc-31c"/>
      </symbol>
      <symbol id="sm-884">
         <name>__floatsidf</name>
         <value>0x1005ed9</value>
         <object_component_ref idref="oc-31c"/>
      </symbol>
      <symbol id="sm-88a">
         <name>__aeabi_ui2f</name>
         <value>0x100634d</value>
         <object_component_ref idref="oc-18b"/>
      </symbol>
      <symbol id="sm-88b">
         <name>__floatunsisf</name>
         <value>0x100634d</value>
         <object_component_ref idref="oc-18b"/>
      </symbol>
      <symbol id="sm-891">
         <name>__aeabi_dcmpeq</name>
         <value>0x1004959</value>
         <object_component_ref idref="oc-2b7"/>
      </symbol>
      <symbol id="sm-892">
         <name>__aeabi_dcmplt</name>
         <value>0x100496d</value>
         <object_component_ref idref="oc-2b7"/>
      </symbol>
      <symbol id="sm-893">
         <name>__aeabi_dcmple</name>
         <value>0x1004981</value>
         <object_component_ref idref="oc-2b7"/>
      </symbol>
      <symbol id="sm-894">
         <name>__aeabi_dcmpge</name>
         <value>0x1004995</value>
         <object_component_ref idref="oc-2b7"/>
      </symbol>
      <symbol id="sm-895">
         <name>__aeabi_dcmpgt</name>
         <value>0x10049a9</value>
         <object_component_ref idref="oc-2b7"/>
      </symbol>
      <symbol id="sm-89b">
         <name>__aeabi_memcpy</name>
         <value>0x1006d81</value>
         <object_component_ref idref="oc-3d"/>
      </symbol>
      <symbol id="sm-89c">
         <name>__aeabi_memcpy4</name>
         <value>0x1006d81</value>
         <object_component_ref idref="oc-3d"/>
      </symbol>
      <symbol id="sm-89d">
         <name>__aeabi_memcpy8</name>
         <value>0x1006d81</value>
         <object_component_ref idref="oc-3d"/>
      </symbol>
      <symbol id="sm-8a6">
         <name>__aeabi_memset</name>
         <value>0x1006cd9</value>
         <object_component_ref idref="oc-29d"/>
      </symbol>
      <symbol id="sm-8a7">
         <name>__aeabi_memset4</name>
         <value>0x1006cd9</value>
         <object_component_ref idref="oc-29d"/>
      </symbol>
      <symbol id="sm-8a8">
         <name>__aeabi_memset8</name>
         <value>0x1006cd9</value>
         <object_component_ref idref="oc-29d"/>
      </symbol>
      <symbol id="sm-8a9">
         <name>__aeabi_memclr</name>
         <value>0x1006d39</value>
         <object_component_ref idref="oc-68"/>
      </symbol>
      <symbol id="sm-8aa">
         <name>__aeabi_memclr4</name>
         <value>0x1006d39</value>
         <object_component_ref idref="oc-68"/>
      </symbol>
      <symbol id="sm-8ab">
         <name>__aeabi_memclr8</name>
         <value>0x1006d39</value>
         <object_component_ref idref="oc-68"/>
      </symbol>
      <symbol id="sm-8b1">
         <name>__aeabi_uldivmod</name>
         <value>0x100694d</value>
         <object_component_ref idref="oc-2b3"/>
      </symbol>
      <symbol id="sm-8b7">
         <name>__udivmoddi4</name>
         <value>0x1003bcd</value>
         <object_component_ref idref="oc-2ff"/>
      </symbol>
      <symbol id="sm-8c3">
         <name>__ledf2</name>
         <value>0x1004529</value>
         <object_component_ref idref="oc-304"/>
      </symbol>
      <symbol id="sm-8c4">
         <name>__gedf2</name>
         <value>0x10044b9</value>
         <object_component_ref idref="oc-30a"/>
      </symbol>
      <symbol id="sm-8c5">
         <name>__cmpdf2</name>
         <value>0x1004529</value>
         <object_component_ref idref="oc-304"/>
      </symbol>
      <symbol id="sm-8c6">
         <name>__eqdf2</name>
         <value>0x1004529</value>
         <object_component_ref idref="oc-304"/>
      </symbol>
      <symbol id="sm-8c7">
         <name>__ltdf2</name>
         <value>0x1004529</value>
         <object_component_ref idref="oc-304"/>
      </symbol>
      <symbol id="sm-8c8">
         <name>__nedf2</name>
         <value>0x1004529</value>
         <object_component_ref idref="oc-304"/>
      </symbol>
      <symbol id="sm-8c9">
         <name>__gtdf2</name>
         <value>0x10044b9</value>
         <object_component_ref idref="oc-30a"/>
      </symbol>
      <symbol id="sm-8d3">
         <name>__aeabi_ldiv0</name>
         <value>0x1004027</value>
         <object_component_ref idref="oc-357"/>
      </symbol>
      <symbol id="sm-8dc">
         <name>TI_memcpy_small</name>
         <value>0x1006a4f</value>
         <object_component_ref idref="oc-82"/>
      </symbol>
      <symbol id="sm-8e4">
         <name>TI_memset_small</name>
         <value>0x1006bc5</value>
         <object_component_ref idref="oc-9f"/>
      </symbol>
      <symbol id="sm-8e5">
         <name>__TI_static_base__</name>
         <value>0x1007638</value>
      </symbol>
      <symbol id="sm-8e8">
         <name>ITM_flush</name>
         <value>0x0</value>
      </symbol>
      <symbol id="sm-8e9">
         <name>ITM_restore</name>
         <value>0x0</value>
      </symbol>
      <symbol id="sm-8ea">
         <name>__mpu_init</name>
         <value>0x0</value>
      </symbol>
      <symbol id="sm-8eb">
         <name>_system_post_cinit</name>
         <value>0x0</value>
      </symbol>
   </symbol_table>
   <title>Link successful</title>
</link_info>
